Archive member included to satisfy reference by file (symbol)

c:/devembedded/tools/gcc-arm-none-eabi-10.3-2021.10-win32/gcc-arm-none-eabi-10.3-2021.10/bin/../lib/gcc/arm-none-eabi/10.3.1/thumb/v7e-m/nofp\libgcc.a(_arm_addsubdf3.o)
                              CMakeFiles/TestLCDi2c.elf.dir/Core/Src/DHT.c.obj (__aeabi_i2d)
c:/devembedded/tools/gcc-arm-none-eabi-10.3-2021.10-win32/gcc-arm-none-eabi-10.3-2021.10/bin/../lib/gcc/arm-none-eabi/10.3.1/thumb/v7e-m/nofp\libgcc.a(_arm_muldivdf3.o)
                              CMakeFiles/TestLCDi2c.elf.dir/Core/Src/DHT.c.obj (__aeabi_ddiv)
c:/devembedded/tools/gcc-arm-none-eabi-10.3-2021.10-win32/gcc-arm-none-eabi-10.3-2021.10/bin/../lib/gcc/arm-none-eabi/10.3.1/thumb/v7e-m/nofp\libgcc.a(_arm_truncdfsf2.o)
                              CMakeFiles/TestLCDi2c.elf.dir/Core/Src/DHT.c.obj (__aeabi_d2f)
c:/devembedded/tools/gcc-arm-none-eabi-10.3-2021.10-win32/gcc-arm-none-eabi-10.3-2021.10/bin/../lib/gcc/arm-none-eabi/10.3.1/thumb/v7e-m/nofp\libgcc.a(_arm_addsubsf3.o)
                              CMakeFiles/TestLCDi2c.elf.dir/Core/Src/main.c.obj (__aeabi_ui2f)
c:/devembedded/tools/gcc-arm-none-eabi-10.3-2021.10-win32/gcc-arm-none-eabi-10.3-2021.10/bin/../lib/gcc/arm-none-eabi/10.3.1/thumb/v7e-m/nofp\libgcc.a(_arm_cmpsf2.o)
                              CMakeFiles/TestLCDi2c.elf.dir/Core/Src/main.c.obj (__aeabi_fcmplt)
c:/devembedded/tools/gcc-arm-none-eabi-10.3-2021.10-win32/gcc-arm-none-eabi-10.3-2021.10/bin/../lib/gcc/arm-none-eabi/10.3.1/thumb/v7e-m/nofp\libgcc.a(_aeabi_uldivmod.o)
                              CMakeFiles/TestLCDi2c.elf.dir/Drivers/STM32F4xx_HAL_Driver/Src/stm32f4xx_hal_rcc.c.obj (__aeabi_uldivmod)
c:/devembedded/tools/gcc-arm-none-eabi-10.3-2021.10-win32/gcc-arm-none-eabi-10.3-2021.10/bin/../lib/gcc/arm-none-eabi/10.3.1/thumb/v7e-m/nofp\libgcc.a(_udivmoddi4.o)
                              c:/devembedded/tools/gcc-arm-none-eabi-10.3-2021.10-win32/gcc-arm-none-eabi-10.3-2021.10/bin/../lib/gcc/arm-none-eabi/10.3.1/thumb/v7e-m/nofp\libgcc.a(_aeabi_uldivmod.o) (__udivmoddi4)
c:/devembedded/tools/gcc-arm-none-eabi-10.3-2021.10-win32/gcc-arm-none-eabi-10.3-2021.10/bin/../lib/gcc/arm-none-eabi/10.3.1/thumb/v7e-m/nofp\libgcc.a(_dvmd_tls.o)
                              c:/devembedded/tools/gcc-arm-none-eabi-10.3-2021.10-win32/gcc-arm-none-eabi-10.3-2021.10/bin/../lib/gcc/arm-none-eabi/10.3.1/thumb/v7e-m/nofp\libgcc.a(_aeabi_uldivmod.o) (__aeabi_ldiv0)
c:/devembedded/tools/gcc-arm-none-eabi-10.3-2021.10-win32/gcc-arm-none-eabi-10.3-2021.10/bin/../lib/gcc/arm-none-eabi/10.3.1/../../../../arm-none-eabi/lib/thumb/v7e-m/nofp\libg.a(lib_a-errno.o)
                              CMakeFiles/TestLCDi2c.elf.dir/Core/Src/syscalls.c.obj (__errno)
c:/devembedded/tools/gcc-arm-none-eabi-10.3-2021.10-win32/gcc-arm-none-eabi-10.3-2021.10/bin/../lib/gcc/arm-none-eabi/10.3.1/../../../../arm-none-eabi/lib/thumb/v7e-m/nofp\libg.a(lib_a-exit.o)
                              c:/devembedded/tools/gcc-arm-none-eabi-10.3-2021.10-win32/gcc-arm-none-eabi-10.3-2021.10/bin/../lib/gcc/arm-none-eabi/10.3.1/../../../../arm-none-eabi/lib/thumb/v7e-m/nofp/crt0.o (exit)
c:/devembedded/tools/gcc-arm-none-eabi-10.3-2021.10-win32/gcc-arm-none-eabi-10.3-2021.10/bin/../lib/gcc/arm-none-eabi/10.3.1/../../../../arm-none-eabi/lib/thumb/v7e-m/nofp\libg.a(lib_a-impure.o)
                              c:/devembedded/tools/gcc-arm-none-eabi-10.3-2021.10-win32/gcc-arm-none-eabi-10.3-2021.10/bin/../lib/gcc/arm-none-eabi/10.3.1/../../../../arm-none-eabi/lib/thumb/v7e-m/nofp\libg.a(lib_a-exit.o) (_global_impure_ptr)
c:/devembedded/tools/gcc-arm-none-eabi-10.3-2021.10-win32/gcc-arm-none-eabi-10.3-2021.10/bin/../lib/gcc/arm-none-eabi/10.3.1/../../../../arm-none-eabi/lib/thumb/v7e-m/nofp\libg.a(lib_a-init.o)
                              c:/devembedded/tools/gcc-arm-none-eabi-10.3-2021.10-win32/gcc-arm-none-eabi-10.3-2021.10/bin/../lib/gcc/arm-none-eabi/10.3.1/../../../../arm-none-eabi/lib/thumb/v7e-m/nofp/crt0.o (__libc_init_array)
c:/devembedded/tools/gcc-arm-none-eabi-10.3-2021.10-win32/gcc-arm-none-eabi-10.3-2021.10/bin/../lib/gcc/arm-none-eabi/10.3.1/../../../../arm-none-eabi/lib/thumb/v7e-m/nofp\libg.a(lib_a-memcpy.o)
                              CMakeFiles/TestLCDi2c.elf.dir/Core/Src/lcd_i2cModule.c.obj (memcpy)
c:/devembedded/tools/gcc-arm-none-eabi-10.3-2021.10-win32/gcc-arm-none-eabi-10.3-2021.10/bin/../lib/gcc/arm-none-eabi/10.3.1/../../../../arm-none-eabi/lib/thumb/v7e-m/nofp\libg.a(lib_a-memset.o)
                              c:/devembedded/tools/gcc-arm-none-eabi-10.3-2021.10-win32/gcc-arm-none-eabi-10.3-2021.10/bin/../lib/gcc/arm-none-eabi/10.3.1/../../../../arm-none-eabi/lib/thumb/v7e-m/nofp/crt0.o (memset)
c:/devembedded/tools/gcc-arm-none-eabi-10.3-2021.10-win32/gcc-arm-none-eabi-10.3-2021.10/bin/../lib/gcc/arm-none-eabi/10.3.1/../../../../arm-none-eabi/lib/thumb/v7e-m/nofp\libg.a(lib_a-sprintf.o)
[...]
Memory Configuration

Name             Origin             Length             Attributes
RAM              0x20000000         0x00020000         xrw
FLASH            0x08000000         0x00080000         xr
*default*        0x00000000         0xffffffff

Linker script and memory map

LOAD c:/devembedded/tools/gcc-arm-none-eabi-10.3-2021.10-win32/gcc-arm-none-eabi-10.3-2021.10/bin/../lib/gcc/arm-none-eabi/10.3.1/thumb/v7e-m/nofp/crti.o
LOAD c:/devembedded/tools/gcc-arm-none-eabi-10.3-2021.10-win32/gcc-arm-none-eabi-10.3-2021.10/bin/../lib/gcc/arm-none-eabi/10.3.1/thumb/v7e-m/nofp/crtbegin.o
LOAD c:/devembedded/tools/gcc-arm-none-eabi-10.3-2021.10-win32/gcc-arm-none-eabi-10.3-2021.10/bin/../lib/gcc/arm-none-eabi/10.3.1/../../../../arm-none-eabi/lib/thumb/v7e-m/nofp/crt0.o
LOAD CMakeFiles/TestLCDi2c.elf.dir/Core/Src/DHT.c.obj
LOAD CMakeFiles/TestLCDi2c.elf.dir/Core/Src/Timer_Delay.c.obj
LOAD CMakeFiles/TestLCDi2c.elf.dir/Core/Src/bsp.c.obj
LOAD CMakeFiles/TestLCDi2c.elf.dir/Core/Src/gpio.c.obj
LOAD CMakeFiles/TestLCDi2c.elf.dir/Core/Src/keypad.c.obj
LOAD CMakeFiles/TestLCDi2c.elf.dir/Core/Src/lcd_i2cModule.c.obj
LOAD CMakeFiles/TestLCDi2c.elf.dir/Core/Src/main.c.obj
LOAD CMakeFiles/TestLCDi2c.elf.dir/Core/Src/stm32f4xx_hal_msp.c.obj
LOAD CMakeFiles/TestLCDi2c.elf.dir/Core/Src/stm32f4xx_it.c.obj
LOAD CMakeFiles/TestLCDi2c.elf.dir/Core/Src/syscalls.c.obj
LOAD CMakeFiles/TestLCDi2c.elf.dir/Core/Src/sysmem.c.obj
LOAD CMakeFiles/TestLCDi2c.elf.dir/Core/Src/system_stm32f4xx.c.obj
LOAD CMakeFiles/TestLCDi2c.elf.dir/Core/Startup/startup_stm32f411vetx.s.obj
LOAD CMakeFiles/TestLCDi2c.elf.dir/Drivers/STM32F4xx_HAL_Driver/Src/stm32f4xx_hal.c.obj
LOAD CMakeFiles/TestLCDi2c.elf.dir/Drivers/STM32F4xx_HAL_Driver/Src/stm32f4xx_hal_adc.c.obj
LOAD CMakeFiles/TestLCDi2c.elf.dir/Drivers/STM32F4xx_HAL_Driver/Src/stm32f4xx_hal_adc_ex.c.obj
LOAD CMakeFiles/TestLCDi2c.elf.dir/Drivers/STM32F4xx_HAL_Driver/Src/stm32f4xx_hal_cortex.c.obj
LOAD CMakeFiles/TestLCDi2c.elf.dir/Drivers/STM32F4xx_HAL_Driver/Src/stm32f4xx_hal_dma.c.obj
LOAD CMakeFiles/TestLCDi2c.elf.dir/Drivers/STM32F4xx_HAL_Driver/Src/stm32f4xx_hal_dma_ex.c.obj
LOAD CMakeFiles/TestLCDi2c.elf.dir/Drivers/STM32F4xx_HAL_Driver/Src/stm32f4xx_hal_exti.c.obj
LOAD CMakeFiles/TestLCDi2c.elf.dir/Drivers/STM32F4xx_HAL_Driver/Src/stm32f4xx_hal_flash.c.obj
LOAD CMakeFiles/TestLCDi2c.elf.dir/Drivers/STM32F4xx_HAL_Driver/Src/stm32f4xx_hal_flash_ex.c.obj
LOAD CMakeFiles/TestLCDi2c.elf.dir/Drivers/STM32F4xx_HAL_Driver/Src/stm32f4xx_hal_flash_ramfunc.c.obj
LOAD CMakeFiles/TestLCDi2c.elf.dir/Drivers/STM32F4xx_HAL_Driver/Src/stm32f4xx_hal_gpio.c.obj
LOAD CMakeFiles/TestLCDi2c.elf.dir/Drivers/STM32F4xx_HAL_Driver/Src/stm32f4xx_hal_i2c.c.obj
LOAD CMakeFiles/TestLCDi2c.elf.dir/Drivers/STM32F4xx_HAL_Driver/Src/stm32f4xx_hal_i2c_ex.c.obj
LOAD CMakeFiles/TestLCDi2c.elf.dir/Drivers/STM32F4xx_HAL_Driver/Src/stm32f4xx_hal_pwr.c.obj
LOAD CMakeFiles/TestLCDi2c.elf.dir/Drivers/STM32F4xx_HAL_Driver/Src/stm32f4xx_hal_pwr_ex.c.obj
LOAD CMakeFiles/TestLCDi2c.elf.dir/Drivers/STM32F4xx_HAL_Driver/Src/stm32f4xx_hal_rcc.c.obj
LOAD CMakeFiles/TestLCDi2c.elf.dir/Drivers/STM32F4xx_HAL_Driver/Src/stm32f4xx_hal_rcc_ex.c.obj
LOAD CMakeFiles/TestLCDi2c.elf.dir/Drivers/STM32F4xx_HAL_Driver/Src/stm32f4xx_hal_rtc.c.obj
LOAD CMakeFiles/TestLCDi2c.elf.dir/Drivers/STM32F4xx_HAL_Driver/Src/stm32f4xx_hal_rtc_ex.c.obj
LOAD CMakeFiles/TestLCDi2c.elf.dir/Drivers/STM32F4xx_HAL_Driver/Src/stm32f4xx_hal_tim.c.obj
LOAD CMakeFiles/TestLCDi2c.elf.dir/Drivers/STM32F4xx_HAL_Driver/Src/stm32f4xx_hal_tim_ex.c.obj
START GROUP
LOAD c:/devembedded/tools/gcc-arm-none-eabi-10.3-2021.10-win32/gcc-arm-none-eabi-10.3-2021.10/bin/../lib/gcc/arm-none-eabi/10.3.1/thumb/v7e-m/nofp\libgcc.a
LOAD c:/devembedded/tools/gcc-arm-none-eabi-10.3-2021.10-win32/gcc-arm-none-eabi-10.3-2021.10/bin/../lib/gcc/arm-none-eabi/10.3.1/../../../../arm-none-eabi/lib/thumb/v7e-m/nofp\libg.a
LOAD c:/devembedded/tools/gcc-arm-none-eabi-10.3-2021.10-win32/gcc-arm-none-eabi-10.3-2021.10/bin/../lib/gcc/arm-none-eabi/10.3.1/../../../../arm-none-eabi/lib/thumb/v7e-m/nofp\libc.a
END GROUP
LOAD c:/devembedded/tools/gcc-arm-none-eabi-10.3-2021.10-win32/gcc-arm-none-eabi-10.3-2021.10/bin/../lib/gcc/arm-none-eabi/10.3.1/thumb/v7e-m/nofp/crtend.o
LOAD c:/devembedded/tools/gcc-arm-none-eabi-10.3-2021.10-win32/gcc-arm-none-eabi-10.3-2021.10/bin/../lib/gcc/arm-none-eabi/10.3.1/thumb/v7e-m/nofp/crtn.o
                0x20020000                _estack = (ORIGIN (RAM) + LENGTH (RAM))
                0x00000200                _Min_Heap_Size = 0x200
                0x00000400                _Min_Stack_Size = 0x400

.isr_vector     0x08000000      0x198
                0x08000000                . = ALIGN (0x4)
 *(.isr_vector)
 .isr_vector    0x08000000      0x198 CMakeFiles/TestLCDi2c.elf.dir/Core/Startup/startup_stm32f411vetx.s.obj
                0x08000000                g_pfnVectors
                0x08000198                . = ALIGN (0x4)

.text           0x080001c0     0xb2f0
                0x080001c0                . = ALIGN (0x4)
 *(.text)
 .text          0x080001c0       0x40 c:/devembedded/tools/gcc-arm-none-eabi-10.3-2021.10-win32/gcc-arm-none-eabi-10.3-2021.10/bin/../lib/gcc/arm-none-eabi/10.3.1/thumb/v7e-m/nofp/crtbegin.o
 .text          0x08000200      0x378 c:/devembedded/tools/gcc-arm-none-eabi-10.3-2021.10-win32/gcc-arm-none-eabi-10.3-2021.10/bin/../lib/gcc/arm-none-eabi/10.3.1/thumb/v7e-m/nofp\libgcc.a(_arm_addsubdf3.o)
                0x08000200                __aeabi_drsub
                0x08000208                __aeabi_dsub
                0x08000208                __subdf3
                0x0800020c                __aeabi_dadd
                0x0800020c                __adddf3
                0x08000484                __floatunsidf
                0x08000484                __aeabi_ui2d
                0x080004a4                __floatsidf
                0x080004a4                __aeabi_i2d
                0x080004c8                __aeabi_f2d
                0x080004c8                __extendsfdf2
                0x0800050c                __floatundidf
                0x0800050c                __aeabi_ul2d
                0x0800051c                __floatdidf
                0x0800051c                __aeabi_l2d
 .text          0x08000578      0x424 c:/devembedded/tools/gcc-arm-none-eabi-10.3-2021.10-win32/gcc-arm-none-eabi-10.3-2021.10/bin/../lib/gcc/arm-none-eabi/10.3.1/thumb/v7e-m/nofp\libgcc.a(_arm_muldivdf3.o)
                0x08000578                __aeabi_dmul
                0x08000578                __muldf3
                0x080007cc                __divdf3
                0x080007cc                __aeabi_ddiv
 .text          0x0800099c       0xa0 c:/devembedded/tools/gcc-arm-none-eabi-10.3-2021.10-win32/gcc-arm-none-eabi-10.3-2021.10/bin/../lib/gcc/arm-none-eabi/10.3.1/thumb/v7e-m/nofp\libgcc.a(_arm_truncdfsf2.o)
                0x0800099c                __truncdfsf2
                0x0800099c                __aeabi_d2f
 .text          0x08000a3c      0x21c c:/devembedded/tools/gcc-arm-none-eabi-10.3-2021.10-win32/gcc-arm-none-eabi-10.3-2021.10/bin/../lib/gcc/arm-none-eabi/10.3.1/thumb/v7e-m/nofp\libgcc.a(_arm_addsubsf3.o)
                0x08000a3c                __aeabi_frsub
                0x08000a44                __subsf3
                0x08000a44                __aeabi_fsub
                0x08000a48                __aeabi_fadd
                0x08000a48                __addsf3
                0x08000ba8                __aeabi_ui2f
                0x08000ba8                __floatunsisf
                0x08000bb0                __aeabi_i2f
                0x08000bb0                __floatsisf
                0x08000bcc                __aeabi_ul2f
                0x08000bcc                __floatundisf
                0x08000bdc                __aeabi_l2f
                0x08000bdc                __floatdisf
 .text          0x08000c58       0xec c:/devembedded/tools/gcc-arm-none-eabi-10.3-2021.10-win32/gcc-arm-none-eabi-10.3-2021.10/bin/../lib/gcc/arm-none-eabi/10.3.1/thumb/v7e-m/nofp\libgcc.a(_arm_cmpsf2.o)
                0x08000c58                __gesf2
                0x08000c58                __gtsf2
                0x08000c60                __lesf2
                0x08000c60                __ltsf2
                0x08000c68                __nesf2
                0x08000c68                __eqsf2
                0x08000c68                __cmpsf2
                0x08000cc8                __aeabi_cfrcmple
                0x08000cd0                __aeabi_cfcmpeq
                0x08000cd0                __aeabi_cfcmple
                0x08000ce0                __aeabi_fcmpeq
                0x08000cf4                __aeabi_fcmplt
                0x08000d08                __aeabi_fcmple
                0x08000d1c                __aeabi_fcmpge
                0x08000d30                __aeabi_fcmpgt
 .text          0x08000d44       0x30 c:/devembedded/tools/gcc-arm-none-eabi-10.3-2021.10-win32/gcc-arm-none-eabi-10.3-2021.10/bin/../lib/gcc/arm-none-eabi/10.3.1/thumb/v7e-m/nofp\libgcc.a(_aeabi_uldivmod.o)
                0x08000d44                __aeabi_uldivmod
 .text          0x08000d74      0x2d0 c:/devembedded/tools/gcc-arm-none-eabi-10.3-2021.10-win32/gcc-arm-none-eabi-10.3-2021.10/bin/../lib/gcc/arm-none-eabi/10.3.1/thumb/v7e-m/nofp\libgcc.a(_udivmoddi4.o)
                0x08000d74                __udivmoddi4
 .text          0x08001044        0x4 c:/devembedded/tools/gcc-arm-none-eabi-10.3-2021.10-win32/gcc-arm-none-eabi-10.3-2021.10/bin/../lib/gcc/arm-none-eabi/10.3.1/thumb/v7e-m/nofp\libgcc.a(_dvmd_tls.o)
                0x08001044                __aeabi_idiv0
                0x08001044                __aeabi_ldiv0
 .text          0x08001048      0x134 c:/devembedded/tools/gcc-arm-none-eabi-10.3-2021.10-win32/gcc-arm-none-eabi-10.3-2021.10/bin/../lib/gcc/arm-none-eabi/10.3.1/../../../../arm-none-eabi/lib/thumb/v7e-m/nofp\libg.a(lib_a-memcpy.o)
                0x08001048                memcpy
 *fill*         0x0800117c        0x4 
 .text          0x08001180       0xdc c:/devembedded/tools/gcc-arm-none-eabi-10.3-2021.10-win32/gcc-arm-none-eabi-10.3-2021.10/bin/../lib/gcc/arm-none-eabi/10.3.1/../../../../arm-none-eabi/lib/thumb/v7e-m/nofp\libg.a(lib_a-strlen.o)
                0x08001180                strlen
 *fill*         0x0800125c        0x4 
 .text          0x08001260       0xa0 c:/devembedded/tools/gcc-arm-none-eabi-10.3-2021.10-win32/gcc-arm-none-eabi-10.3-2021.10/bin/../lib/gcc/arm-none-eabi/10.3.1/../../../../arm-none-eabi/lib/thumb/v7e-m/nofp\libg.a(lib_a-memchr.o)
                0x08001260                memchr
 .text          0x08001300      0x110 c:/devembedded/tools/gcc-arm-none-eabi-10.3-2021.10-win32/gcc-arm-none-eabi-10.3-2021.10/bin/../lib/gcc/arm-none-eabi/10.3.1/thumb/v7e-m/nofp\libgcc.a(_arm_cmpdf2.o)
                0x08001300                __gtdf2
                0x08001300                __gedf2
                0x08001308                __ltdf2
                0x08001308                __ledf2
                0x08001310                __nedf2
                0x08001310                __eqdf2
                0x08001310                __cmpdf2
                0x0800138c                __aeabi_cdrcmple
                0x0800139c                __aeabi_cdcmpeq
                0x0800139c                __aeabi_cdcmple
                0x080013ac                __aeabi_dcmpeq
                0x080013c0                __aeabi_dcmplt
                0x080013d4                __aeabi_dcmple
                0x080013e8                __aeabi_dcmpge
                0x080013fc                __aeabi_dcmpgt
 .text          0x08001410       0x2c c:/devembedded/tools/gcc-arm-none-eabi-10.3-2021.10-win32/gcc-arm-none-eabi-10.3-2021.10/bin/../lib/gcc/arm-none-eabi/10.3.1/thumb/v7e-m/nofp\libgcc.a(_arm_unorddf2.o)
                0x08001410                __unorddf2
                0x08001410                __aeabi_dcmpun
 .text          0x0800143c       0x50 c:/devembedded/tools/gcc-arm-none-eabi-10.3-2021.10-win32/gcc-arm-none-eabi-10.3-2021.10/bin/../lib/gcc/arm-none-eabi/10.3.1/thumb/v7e-m/nofp\libgcc.a(_arm_fixdfsi.o)
                0x0800143c                __aeabi_d2iz
                0x0800143c                __fixdfsi
 *(.text*)
 .text.Set_Pin_Output
                0x0800148c       0x22 CMakeFiles/TestLCDi2c.elf.dir/Core/Src/DHT.c.obj
                0x0800148c                Set_Pin_Output
 .text.Set_Pin_Input
                0x080014ae       0x1e CMakeFiles/TestLCDi2c.elf.dir/Core/Src/DHT.c.obj
                0x080014ae                Set_Pin_Input
 .text.DHT_Start
                0x080014cc       0x34 CMakeFiles/TestLCDi2c.elf.dir/Core/Src/DHT.c.obj
                0x080014cc                DHT_Start
 .text.DHT_Check_Response
                0x08001500       0x3c CMakeFiles/TestLCDi2c.elf.dir/Core/Src/DHT.c.obj
                0x08001500                DHT_Check_Response
 .text.DHT_Read
                0x0800153c       0x5c CMakeFiles/TestLCDi2c.elf.dir/Core/Src/DHT.c.obj
                0x0800153c                DHT_Read
 .text.DHT_GetData
                0x08001598       0xb0 CMakeFiles/TestLCDi2c.elf.dir/Core/Src/DHT.c.obj
                0x08001598                DHT_GetData
 .text.TimerDelay_Init
                0x08001648       0x90 CMakeFiles/TestLCDi2c.elf.dir/Core/Src/Timer_Delay.c.obj
                0x08001648                TimerDelay_Init
 .text.delay_us
                0x080016d8       0x28 CMakeFiles/TestLCDi2c.elf.dir/Core/Src/Timer_Delay.c.obj
                0x080016d8                delay_us
 .text.MX_GPIO_Init
                0x08001700      0x190 CMakeFiles/TestLCDi2c.elf.dir/Core/Src/bsp.c.obj
 .text.MX_DMA_Init
                0x08001890       0x34 CMakeFiles/TestLCDi2c.elf.dir/Core/Src/bsp.c.obj
 .text.MX_I2C1_Init
                0x080018c4       0x34 CMakeFiles/TestLCDi2c.elf.dir/Core/Src/bsp.c.obj
 .text.MX_TIM3_Init
                0x080018f8       0x54 CMakeFiles/TestLCDi2c.elf.dir/Core/Src/bsp.c.obj
 .text.MX_ADC1_Init
                0x0800194c       0x58 CMakeFiles/TestLCDi2c.elf.dir/Core/Src/bsp.c.obj
 .text.MX_TIM2_Init
                0x080019a4       0x80 CMakeFiles/TestLCDi2c.elf.dir/Core/Src/bsp.c.obj
 .text.MX_RTC_Init
                0x08001a24       0xb4 CMakeFiles/TestLCDi2c.elf.dir/Core/Src/bsp.c.obj
 .text.BSP_LCD_Temperature
                0x08001ad8       0x1c CMakeFiles/TestLCDi2c.elf.dir/Core/Src/bsp.c.obj
                0x08001ad8                BSP_LCD_Temperature
 .text.BSP_LCD_Humidity
                0x08001af4       0x1c CMakeFiles/TestLCDi2c.elf.dir/Core/Src/bsp.c.obj
                0x08001af4                BSP_LCD_Humidity
 .text.BSP_Get_percentageHS
                0x08001b10       0x3c CMakeFiles/TestLCDi2c.elf.dir/Core/Src/bsp.c.obj
                0x08001b10                BSP_Get_percentageHS
 .text.SystemClock_Config
                0x08001b4c       0xb4 CMakeFiles/TestLCDi2c.elf.dir/Core/Src/bsp.c.obj
                0x08001b4c                SystemClock_Config
 .text.BSP_Init
                0x08001c00       0x34 CMakeFiles/TestLCDi2c.elf.dir/Core/Src/bsp.c.obj
                0x08001c00                BSP_Init
 .text.Error_Handler
                0x08001c34        0x2 CMakeFiles/TestLCDi2c.elf.dir/Core/Src/bsp.c.obj
                0x08001c34                Error_Handler
 *fill*         0x08001c36        0x2 
 .text.keypad_init
                0x08001c38      0x10c CMakeFiles/TestLCDi2c.elf.dir/Core/Src/keypad.c.obj
                0x08001c38                keypad_init
 .text.keypad_read
                0x08001d44      0x234 CMakeFiles/TestLCDi2c.elf.dir/Core/Src/keypad.c.obj
                0x08001d44                keypad_read
 .text.hi2cx_define
                0x08001f78       0x18 CMakeFiles/TestLCDi2c.elf.dir/Core/Src/lcd_i2cModule.c.obj
 .text.LCD_i2cDeviceCheck
                0x08001f90       0x2c CMakeFiles/TestLCDi2c.elf.dir/Core/Src/lcd_i2cModule.c.obj
                0x08001f90                LCD_i2cDeviceCheck
 .text.LCD_Set_Command
                0x08001fbc       0x64 CMakeFiles/TestLCDi2c.elf.dir/Core/Src/lcd_i2cModule.c.obj
                0x08001fbc                LCD_Set_Command
 .text.LCD_Write_Data
                0x08002020       0x6c CMakeFiles/TestLCDi2c.elf.dir/Core/Src/lcd_i2cModule.c.obj
                0x08002020                LCD_Write_Data
 .text.LCD_Clear
                0x0800208c       0x24 CMakeFiles/TestLCDi2c.elf.dir/Core/Src/lcd_i2cModule.c.obj
                0x0800208c                LCD_Clear
 .text.LCD_SetCursor
                0x080020b0       0x34 CMakeFiles/TestLCDi2c.elf.dir/Core/Src/lcd_i2cModule.c.obj
                0x080020b0                LCD_SetCursor
 .text.LCD_Send_String
                0x080020e4       0xdc CMakeFiles/TestLCDi2c.elf.dir/Core/Src/lcd_i2cModule.c.obj
                0x080020e4                LCD_Send_String
 .text.LCD_Print
                0x080021c0       0x24 CMakeFiles/TestLCDi2c.elf.dir/Core/Src/lcd_i2cModule.c.obj
                0x080021c0                LCD_Print
 .text.LCD_BackLight
                0x080021e4       0x2c CMakeFiles/TestLCDi2c.elf.dir/Core/Src/lcd_i2cModule.c.obj
                0x080021e4                LCD_BackLight
 .text.LCD_Init
                0x08002210       0x44 CMakeFiles/TestLCDi2c.elf.dir/Core/Src/lcd_i2cModule.c.obj
                0x08002210                LCD_Init
 .text.main     0x08002254      0x6d4 CMakeFiles/TestLCDi2c.elf.dir/Core/Src/main.c.obj
                0x08002254                main
 .text.HAL_MspInit
                0x08002928       0x40 CMakeFiles/TestLCDi2c.elf.dir/Core/Src/stm32f4xx_hal_msp.c.obj
                0x08002928                HAL_MspInit
 .text.HAL_ADC_MspInit
                0x08002968       0xbc CMakeFiles/TestLCDi2c.elf.dir/Core/Src/stm32f4xx_hal_msp.c.obj
                0x08002968                HAL_ADC_MspInit
 .text.HAL_I2C_MspInit
                0x08002a24       0x70 CMakeFiles/TestLCDi2c.elf.dir/Core/Src/stm32f4xx_hal_msp.c.obj
                0x08002a24                HAL_I2C_MspInit
 .text.HAL_RTC_MspInit
                0x08002a94       0x30 CMakeFiles/TestLCDi2c.elf.dir/Core/Src/stm32f4xx_hal_msp.c.obj
                0x08002a94                HAL_RTC_MspInit
 .text.HAL_TIM_Base_MspInit
                0x08002ac4       0x64 CMakeFiles/TestLCDi2c.elf.dir/Core/Src/stm32f4xx_hal_msp.c.obj
                0x08002ac4                HAL_TIM_Base_MspInit
 .text.HAL_TIM_MspPostInit
                0x08002b28       0x54 CMakeFiles/TestLCDi2c.elf.dir/Core/Src/stm32f4xx_hal_msp.c.obj
                0x08002b28                HAL_TIM_MspPostInit
 .text.NMI_Handler
                0x08002b7c        0x2 CMakeFiles/TestLCDi2c.elf.dir/Core/Src/stm32f4xx_it.c.obj
                0x08002b7c                NMI_Handler
 .text.HardFault_Handler
                0x08002b7e        0x2 CMakeFiles/TestLCDi2c.elf.dir/Core/Src/stm32f4xx_it.c.obj
                0x08002b7e                HardFault_Handler
 .text.MemManage_Handler
                0x08002b80        0x2 CMakeFiles/TestLCDi2c.elf.dir/Core/Src/stm32f4xx_it.c.obj
                0x08002b80                MemManage_Handler
 .text.BusFault_Handler
                0x08002b82        0x2 CMakeFiles/TestLCDi2c.elf.dir/Core/Src/stm32f4xx_it.c.obj
                0x08002b82                BusFault_Handler
 .text.UsageFault_Handler
                0x08002b84        0x2 CMakeFiles/TestLCDi2c.elf.dir/Core/Src/stm32f4xx_it.c.obj
                0x08002b84                UsageFault_Handler
 .text.SVC_Handler
                0x08002b86        0x2 CMakeFiles/TestLCDi2c.elf.dir/Core/Src/stm32f4xx_it.c.obj
                0x08002b86                SVC_Handler
 .text.DebugMon_Handler
                0x08002b88        0x2 CMakeFiles/TestLCDi2c.elf.dir/Core/Src/stm32f4xx_it.c.obj
                0x08002b88                DebugMon_Handler
 .text.PendSV_Handler
                0x08002b8a        0x2 CMakeFiles/TestLCDi2c.elf.dir/Core/Src/stm32f4xx_it.c.obj
                0x08002b8a                PendSV_Handler
 .text.SysTick_Handler
                0x08002b8c        0x8 CMakeFiles/TestLCDi2c.elf.dir/Core/Src/stm32f4xx_it.c.obj
                0x08002b8c                SysTick_Handler
 .text.ADC_IRQHandler
                0x08002b94       0x10 CMakeFiles/TestLCDi2c.elf.dir/Core/Src/stm32f4xx_it.c.obj
                0x08002b94                ADC_IRQHandler
 .text.TIM2_IRQHandler
                0x08002ba4       0x10 CMakeFiles/TestLCDi2c.elf.dir/Core/Src/stm32f4xx_it.c.obj
                0x08002ba4                TIM2_IRQHandler
 .text.RTC_Alarm_IRQHandler
                0x08002bb4       0x10 CMakeFiles/TestLCDi2c.elf.dir/Core/Src/stm32f4xx_it.c.obj
                0x08002bb4                RTC_Alarm_IRQHandler
 .text.DMA2_Stream0_IRQHandler
                0x08002bc4       0x10 CMakeFiles/TestLCDi2c.elf.dir/Core/Src/stm32f4xx_it.c.obj
                0x08002bc4                DMA2_Stream0_IRQHandler
 .text._getpid  0x08002bd4        0x4 CMakeFiles/TestLCDi2c.elf.dir/Core/Src/syscalls.c.obj
                0x08002bd4                _getpid
 .text._kill    0x08002bd8       0x10 CMakeFiles/TestLCDi2c.elf.dir/Core/Src/syscalls.c.obj
                0x08002bd8                _kill
 .text._exit    0x08002be8        0xc CMakeFiles/TestLCDi2c.elf.dir/Core/Src/syscalls.c.obj
                0x08002be8                _exit
 .text._read    0x08002bf4       0x20 CMakeFiles/TestLCDi2c.elf.dir/Core/Src/syscalls.c.obj
                0x08002bf4                _read
 .text._write   0x08002c14       0x1c CMakeFiles/TestLCDi2c.elf.dir/Core/Src/syscalls.c.obj
                0x08002c14                _write
 .text._close   0x08002c30        0x6 CMakeFiles/TestLCDi2c.elf.dir/Core/Src/syscalls.c.obj
                0x08002c30                _close
 .text._fstat   0x08002c36        0xa CMakeFiles/TestLCDi2c.elf.dir/Core/Src/syscalls.c.obj
                0x08002c36                _fstat
 .text._isatty  0x08002c40        0x4 CMakeFiles/TestLCDi2c.elf.dir/Core/Src/syscalls.c.obj
                0x08002c40                _isatty
 .text._lseek   0x08002c44        0x4 CMakeFiles/TestLCDi2c.elf.dir/Core/Src/syscalls.c.obj
                0x08002c44                _lseek
 .text._sbrk    0x08002c48       0x48 CMakeFiles/TestLCDi2c.elf.dir/Core/Src/sysmem.c.obj
                0x08002c48                _sbrk
 .text.SystemInit
                0x08002c90       0x10 CMakeFiles/TestLCDi2c.elf.dir/Core/Src/system_stm32f4xx.c.obj
                0x08002c90                SystemInit
 .text.Reset_Handler
                0x08002ca0       0x50 CMakeFiles/TestLCDi2c.elf.dir/Core/Startup/startup_stm32f411vetx.s.obj
                0x08002ca0                Reset_Handler
 .text.Default_Handler
                0x08002cf0        0x2 CMakeFiles/TestLCDi2c.elf.dir/Core/Startup/startup_stm32f411vetx.s.obj
                0x08002cf0                EXTI2_IRQHandler
                0x08002cf0                SPI4_IRQHandler
                0x08002cf0                TIM1_CC_IRQHandler
                0x08002cf0                DMA2_Stream5_IRQHandler
                0x08002cf0                DMA1_Stream5_IRQHandler
                0x08002cf0                PVD_IRQHandler
                0x08002cf0                SDIO_IRQHandler
                0x08002cf0                TAMP_STAMP_IRQHandler
                0x08002cf0                EXTI3_IRQHandler
                0x08002cf0                TIM1_UP_TIM10_IRQHandler
                0x08002cf0                I2C3_ER_IRQHandler
                0x08002cf0                EXTI0_IRQHandler
                0x08002cf0                I2C2_EV_IRQHandler
                0x08002cf0                DMA1_Stream2_IRQHandler
                0x08002cf0                FPU_IRQHandler
                0x08002cf0                DMA2_Stream2_IRQHandler
                0x08002cf0                SPI1_IRQHandler
                0x08002cf0                TIM1_BRK_TIM9_IRQHandler
                0x08002cf0                DMA2_Stream3_IRQHandler
                0x08002cf0                USART6_IRQHandler
                0x08002cf0                TIM4_IRQHandler
                0x08002cf0                I2C1_EV_IRQHandler
                0x08002cf0                DMA1_Stream6_IRQHandler
                0x08002cf0                DMA1_Stream1_IRQHandler
                0x08002cf0                TIM3_IRQHandler
                0x08002cf0                RCC_IRQHandler
                0x08002cf0                Default_Handler
                0x08002cf0                EXTI15_10_IRQHandler
                0x08002cf0                DMA1_Stream7_IRQHandler
                0x08002cf0                SPI5_IRQHandler
                0x08002cf0                TIM5_IRQHandler
                0x08002cf0                DMA2_Stream7_IRQHandler
                0x08002cf0                I2C3_EV_IRQHandler
                0x08002cf0                EXTI9_5_IRQHandler
                0x08002cf0                RTC_WKUP_IRQHandler
                0x08002cf0                SPI2_IRQHandler
                0x08002cf0                DMA1_Stream0_IRQHandler
                0x08002cf0                EXTI4_IRQHandler
                0x08002cf0                WWDG_IRQHandler
                0x08002cf0                OTG_FS_WKUP_IRQHandler
                0x08002cf0                TIM1_TRG_COM_TIM11_IRQHandler
                0x08002cf0                EXTI1_IRQHandler
                0x08002cf0                USART2_IRQHandler
                0x08002cf0                I2C2_ER_IRQHandler
                0x08002cf0                DMA2_Stream1_IRQHandler
                0x08002cf0                FLASH_IRQHandler
                0x08002cf0                DMA2_Stream4_IRQHandler
                0x08002cf0                USART1_IRQHandler
                0x08002cf0                OTG_FS_IRQHandler
                0x08002cf0                SPI3_IRQHandler
                0x08002cf0                DMA1_Stream4_IRQHandler
                0x08002cf0                I2C1_ER_IRQHandler
                0x08002cf0                DMA2_Stream6_IRQHandler
                0x08002cf0                DMA1_Stream3_IRQHandler
 *fill*         0x08002cf2        0x2 
 .text.HAL_InitTick
                0x08002cf4       0x4c CMakeFiles/TestLCDi2c.elf.dir/Drivers/STM32F4xx_HAL_Driver/Src/stm32f4xx_hal.c.obj
                0x08002cf4                HAL_InitTick
 .text.HAL_Init
                0x08002d40       0x34 CMakeFiles/TestLCDi2c.elf.dir/Drivers/STM32F4xx_HAL_Driver/Src/stm32f4xx_hal.c.obj
                0x08002d40                HAL_Init
 .text.HAL_IncTick
                0x08002d74       0x18 CMakeFiles/TestLCDi2c.elf.dir/Drivers/STM32F4xx_HAL_Driver/Src/stm32f4xx_hal.c.obj
                0x08002d74                HAL_IncTick
 .text.HAL_GetTick
                0x08002d8c        0xc CMakeFiles/TestLCDi2c.elf.dir/Drivers/STM32F4xx_HAL_Driver/Src/stm32f4xx_hal.c.obj
                0x08002d8c                HAL_GetTick
 .text.HAL_Delay
                0x08002d98       0x28 CMakeFiles/TestLCDi2c.elf.dir/Drivers/STM32F4xx_HAL_Driver/Src/stm32f4xx_hal.c.obj
                0x08002d98                HAL_Delay
 .text.ADC_Init
                0x08002dc0      0x134 CMakeFiles/TestLCDi2c.elf.dir/Drivers/STM32F4xx_HAL_Driver/Src/stm32f4xx_hal_adc.c.obj
 .text.HAL_ADC_Init
                0x08002ef4       0x56 CMakeFiles/TestLCDi2c.elf.dir/Drivers/STM32F4xx_HAL_Driver/Src/stm32f4xx_hal_adc.c.obj
                0x08002ef4                HAL_ADC_Init
 *fill*         0x08002f4a        0x2 
 .text.HAL_ADC_Start
                0x08002f4c       0xf8 CMakeFiles/TestLCDi2c.elf.dir/Drivers/STM32F4xx_HAL_Driver/Src/stm32f4xx_hal_adc.c.obj
                0x08002f4c                HAL_ADC_Start
 .text.HAL_ADC_Stop
                0x08003044       0x40 CMakeFiles/TestLCDi2c.elf.dir/Drivers/STM32F4xx_HAL_Driver/Src/stm32f4xx_hal_adc.c.obj
                0x08003044                HAL_ADC_Stop
 .text.HAL_ADC_PollForConversion
                0x08003084       0xac CMakeFiles/TestLCDi2c.elf.dir/Drivers/STM32F4xx_HAL_Driver/Src/stm32f4xx_hal_adc.c.obj
                0x08003084                HAL_ADC_PollForConversion
 .text.HAL_ADC_GetValue
                0x08003130        0x6 CMakeFiles/TestLCDi2c.elf.dir/Drivers/STM32F4xx_HAL_Driver/Src/stm32f4xx_hal_adc.c.obj
                0x08003130                HAL_ADC_GetValue
 .text.HAL_ADC_ConvCpltCallback
                0x08003136        0x2 CMakeFiles/TestLCDi2c.elf.dir/Drivers/STM32F4xx_HAL_Driver/Src/stm32f4xx_hal_adc.c.obj
                0x08003136                HAL_ADC_ConvCpltCallback
 .text.HAL_ADC_LevelOutOfWindowCallback
                0x08003138        0x2 CMakeFiles/TestLCDi2c.elf.dir/Drivers/STM32F4xx_HAL_Driver/Src/stm32f4xx_hal_adc.c.obj
                0x08003138                HAL_ADC_LevelOutOfWindowCallback
 .text.HAL_ADC_ErrorCallback
                0x0800313a        0x2 CMakeFiles/TestLCDi2c.elf.dir/Drivers/STM32F4xx_HAL_Driver/Src/stm32f4xx_hal_adc.c.obj
                0x0800313a                HAL_ADC_ErrorCallback
 .text.HAL_ADC_IRQHandler
                0x0800313c      0x14e CMakeFiles/TestLCDi2c.elf.dir/Drivers/STM32F4xx_HAL_Driver/Src/stm32f4xx_hal_adc.c.obj
                0x0800313c                HAL_ADC_IRQHandler
 *fill*         0x0800328a        0x2 
 .text.HAL_ADC_ConfigChannel
                0x0800328c      0x1ac CMakeFiles/TestLCDi2c.elf.dir/Drivers/STM32F4xx_HAL_Driver/Src/stm32f4xx_hal_adc.c.obj
                0x0800328c                HAL_ADC_ConfigChannel
 .text.HAL_ADCEx_InjectedConvCpltCallback
                0x08003438        0x2 CMakeFiles/TestLCDi2c.elf.dir/Drivers/STM32F4xx_HAL_Driver/Src/stm32f4xx_hal_adc_ex.c.obj
                0x08003438                HAL_ADCEx_InjectedConvCpltCallback
 *fill*         0x0800343a        0x2 
 .text.HAL_NVIC_SetPriorityGrouping
                0x0800343c       0x24 CMakeFiles/TestLCDi2c.elf.dir/Drivers/STM32F4xx_HAL_Driver/Src/stm32f4xx_hal_cortex.c.obj
                0x0800343c                HAL_NVIC_SetPriorityGrouping
 .text.HAL_NVIC_SetPriority
                0x08003460       0x70 CMakeFiles/TestLCDi2c.elf.dir/Drivers/STM32F4xx_HAL_Driver/Src/stm32f4xx_hal_cortex.c.obj
                0x08003460                HAL_NVIC_SetPriority
 .text.HAL_NVIC_EnableIRQ
                0x080034d0       0x1c CMakeFiles/TestLCDi2c.elf.dir/Drivers/STM32F4xx_HAL_Driver/Src/stm32f4xx_hal_cortex.c.obj
                0x080034d0                HAL_NVIC_EnableIRQ
 .text.HAL_SYSTICK_Config
                0x080034ec       0x28 CMakeFiles/TestLCDi2c.elf.dir/Drivers/STM32F4xx_HAL_Driver/Src/stm32f4xx_hal_cortex.c.obj
                0x080034ec                HAL_SYSTICK_Config
 .text.DMA_CalcBaseAndBitshift
                0x08003514       0x40 CMakeFiles/TestLCDi2c.elf.dir/Drivers/STM32F4xx_HAL_Driver/Src/stm32f4xx_hal_dma.c.obj
 .text.DMA_CheckFifoParam
                0x08003554       0x8e CMakeFiles/TestLCDi2c.elf.dir/Drivers/STM32F4xx_HAL_Driver/Src/stm32f4xx_hal_dma.c.obj
 *fill*         0x080035e2        0x2 
 .text.HAL_DMA_Init
                0x080035e4       0xcc CMakeFiles/TestLCDi2c.elf.dir/Drivers/STM32F4xx_HAL_Driver/Src/stm32f4xx_hal_dma.c.obj
                0x080035e4                HAL_DMA_Init
 .text.HAL_DMA_IRQHandler
                0x080036b0      0x1dc CMakeFiles/TestLCDi2c.elf.dir/Drivers/STM32F4xx_HAL_Driver/Src/stm32f4xx_hal_dma.c.obj
                0x080036b0                HAL_DMA_IRQHandler
 .text.HAL_GPIO_Init
                0x0800388c      0x1ac CMakeFiles/TestLCDi2c.elf.dir/Drivers/STM32F4xx_HAL_Driver/Src/stm32f4xx_hal_gpio.c.obj
                0x0800388c                HAL_GPIO_Init
 .text.HAL_GPIO_ReadPin
                0x08003a38        0xe CMakeFiles/TestLCDi2c.elf.dir/Drivers/STM32F4xx_HAL_Driver/Src/stm32f4xx_hal_gpio.c.obj
                0x08003a38                HAL_GPIO_ReadPin
 .text.HAL_GPIO_WritePin
                0x08003a46        0xc CMakeFiles/TestLCDi2c.elf.dir/Drivers/STM32F4xx_HAL_Driver/Src/stm32f4xx_hal_gpio.c.obj
                0x08003a46                HAL_GPIO_WritePin
 .text.I2C_IsAcknowledgeFailed
                0x08003a52       0x32 CMakeFiles/TestLCDi2c.elf.dir/Drivers/STM32F4xx_HAL_Driver/Src/stm32f4xx_hal_i2c.c.obj
 .text.I2C_WaitOnFlagUntilTimeout
                0x08003a84       0x7c CMakeFiles/TestLCDi2c.elf.dir/Drivers/STM32F4xx_HAL_Driver/Src/stm32f4xx_hal_i2c.c.obj
 .text.I2C_WaitOnMasterAddressFlagUntilTimeout
                0x08003b00       0xaa CMakeFiles/TestLCDi2c.elf.dir/Drivers/STM32F4xx_HAL_Driver/Src/stm32f4xx_hal_i2c.c.obj
 *fill*         0x08003baa        0x2 
 .text.I2C_MasterRequestWrite
                0x08003bac       0xb4 CMakeFiles/TestLCDi2c.elf.dir/Drivers/STM32F4xx_HAL_Driver/Src/stm32f4xx_hal_i2c.c.obj
 .text.I2C_WaitOnTXEFlagUntilTimeout
                0x08003c60       0x54 CMakeFiles/TestLCDi2c.elf.dir/Drivers/STM32F4xx_HAL_Driver/Src/stm32f4xx_hal_i2c.c.obj
 .text.I2C_WaitOnBTFFlagUntilTimeout
                0x08003cb4       0x54 CMakeFiles/TestLCDi2c.elf.dir/Drivers/STM32F4xx_HAL_Driver/Src/stm32f4xx_hal_i2c.c.obj
 .text.HAL_I2C_Init
                0x08003d08      0x1bc CMakeFiles/TestLCDi2c.elf.dir/Drivers/STM32F4xx_HAL_Driver/Src/stm32f4xx_hal_i2c.c.obj
                0x08003d08                HAL_I2C_Init
 .text.HAL_I2C_Master_Transmit
                0x08003ec4      0x178 CMakeFiles/TestLCDi2c.elf.dir/Drivers/STM32F4xx_HAL_Driver/Src/stm32f4xx_hal_i2c.c.obj
                0x08003ec4                HAL_I2C_Master_Transmit
 .text.HAL_I2C_IsDeviceReady
                0x0800403c      0x194 CMakeFiles/TestLCDi2c.elf.dir/Drivers/STM32F4xx_HAL_Driver/Src/stm32f4xx_hal_i2c.c.obj
                0x0800403c                HAL_I2C_IsDeviceReady
 .text.HAL_RCC_OscConfig
                0x080041d0      0x3ec CMakeFiles/TestLCDi2c.elf.dir/Drivers/STM32F4xx_HAL_Driver/Src/stm32f4xx_hal_rcc.c.obj
                0x080041d0                HAL_RCC_OscConfig
 .text.HAL_RCC_GetSysClockFreq
                0x080045bc       0xd4 CMakeFiles/TestLCDi2c.elf.dir/Drivers/STM32F4xx_HAL_Driver/Src/stm32f4xx_hal_rcc.c.obj
                0x080045bc                HAL_RCC_GetSysClockFreq
 .text.HAL_RCC_ClockConfig
                0x08004690      0x160 CMakeFiles/TestLCDi2c.elf.dir/Drivers/STM32F4xx_HAL_Driver/Src/stm32f4xx_hal_rcc.c.obj
                0x08004690                HAL_RCC_ClockConfig
 .text.HAL_RCC_GetHCLKFreq
                0x080047f0        0xc CMakeFiles/TestLCDi2c.elf.dir/Drivers/STM32F4xx_HAL_Driver/Src/stm32f4xx_hal_rcc.c.obj
                0x080047f0                HAL_RCC_GetHCLKFreq
 .text.HAL_RCC_GetPCLK1Freq
                0x080047fc       0x20 CMakeFiles/TestLCDi2c.elf.dir/Drivers/STM32F4xx_HAL_Driver/Src/stm32f4xx_hal_rcc.c.obj
                0x080047fc                HAL_RCC_GetPCLK1Freq
 .text.HAL_RCCEx_PeriphCLKConfig
                0x0800481c      0x170 CMakeFiles/TestLCDi2c.elf.dir/Drivers/STM32F4xx_HAL_Driver/Src/stm32f4xx_hal_rcc_ex.c.obj
                0x0800481c                HAL_RCCEx_PeriphCLKConfig
 .text.HAL_RTC_AlarmAEventCallback
                0x0800498c        0x2 CMakeFiles/TestLCDi2c.elf.dir/Drivers/STM32F4xx_HAL_Driver/Src/stm32f4xx_hal_rtc.c.obj
                0x0800498c                HAL_RTC_AlarmAEventCallback
 *fill*         0x0800498e        0x2 
 .text.HAL_RTC_AlarmIRQHandler
                0x08004990       0x60 CMakeFiles/TestLCDi2c.elf.dir/Drivers/STM32F4xx_HAL_Driver/Src/stm32f4xx_hal_rtc.c.obj
                0x08004990                HAL_RTC_AlarmIRQHandler
 .text.HAL_RTC_WaitForSynchro
                0x080049f0       0x32 CMakeFiles/TestLCDi2c.elf.dir/Drivers/STM32F4xx_HAL_Driver/Src/stm32f4xx_hal_rtc.c.obj
                0x080049f0                HAL_RTC_WaitForSynchro
 .text.RTC_EnterInitMode
                0x08004a22       0x3c CMakeFiles/TestLCDi2c.elf.dir/Drivers/STM32F4xx_HAL_Driver/Src/stm32f4xx_hal_rtc.c.obj
                0x08004a22                RTC_EnterInitMode
 .text.HAL_RTC_Init
                0x08004a5e       0xc4 CMakeFiles/TestLCDi2c.elf.dir/Drivers/STM32F4xx_HAL_Driver/Src/stm32f4xx_hal_rtc.c.obj
                0x08004a5e                HAL_RTC_Init
 .text.RTC_ByteToBcd2
                0x08004b22       0x16 CMakeFiles/TestLCDi2c.elf.dir/Drivers/STM32F4xx_HAL_Driver/Src/stm32f4xx_hal_rtc.c.obj
                0x08004b22                RTC_ByteToBcd2
 .text.HAL_RTC_SetTime
                0x08004b38       0xfe CMakeFiles/TestLCDi2c.elf.dir/Drivers/STM32F4xx_HAL_Driver/Src/stm32f4xx_hal_rtc.c.obj
                0x08004b38                HAL_RTC_SetTime
 .text.HAL_RTC_SetDate
                0x08004c36       0xda CMakeFiles/TestLCDi2c.elf.dir/Drivers/STM32F4xx_HAL_Driver/Src/stm32f4xx_hal_rtc.c.obj
                0x08004c36                HAL_RTC_SetDate
 .text.HAL_RTC_SetAlarm_IT
                0x08004d10      0x1a0 CMakeFiles/TestLCDi2c.elf.dir/Drivers/STM32F4xx_HAL_Driver/Src/stm32f4xx_hal_rtc.c.obj
                0x08004d10                HAL_RTC_SetAlarm_IT
 .text.HAL_RTCEx_AlarmBEventCallback
                0x08004eb0        0x2 CMakeFiles/TestLCDi2c.elf.dir/Drivers/STM32F4xx_HAL_Driver/Src/stm32f4xx_hal_rtc_ex.c.obj
                0x08004eb0                HAL_RTCEx_AlarmBEventCallback
 *fill*         0x08004eb2        0x2 
 .text.TIM_OC1_SetConfig
                0x08004eb4       0x5c CMakeFiles/TestLCDi2c.elf.dir/Drivers/STM32F4xx_HAL_Driver/Src/stm32f4xx_hal_tim.c.obj
 .text.TIM_OC3_SetConfig
                0x08004f10       0x64 CMakeFiles/TestLCDi2c.elf.dir/Drivers/STM32F4xx_HAL_Driver/Src/stm32f4xx_hal_tim.c.obj
 .text.TIM_OC4_SetConfig
                0x08004f74       0x48 CMakeFiles/TestLCDi2c.elf.dir/Drivers/STM32F4xx_HAL_Driver/Src/stm32f4xx_hal_tim.c.obj
 .text.TIM_TI1_ConfigInputStage
                0x08004fbc       0x24 CMakeFiles/TestLCDi2c.elf.dir/Drivers/STM32F4xx_HAL_Driver/Src/stm32f4xx_hal_tim.c.obj
 .text.TIM_TI2_ConfigInputStage
                0x08004fe0       0x26 CMakeFiles/TestLCDi2c.elf.dir/Drivers/STM32F4xx_HAL_Driver/Src/stm32f4xx_hal_tim.c.obj
 .text.TIM_ITRx_SetConfig
                0x08005006       0x10 CMakeFiles/TestLCDi2c.elf.dir/Drivers/STM32F4xx_HAL_Driver/Src/stm32f4xx_hal_tim.c.obj
 .text.HAL_TIM_Base_Start
                0x08005016       0x24 CMakeFiles/TestLCDi2c.elf.dir/Drivers/STM32F4xx_HAL_Driver/Src/stm32f4xx_hal_tim.c.obj
                0x08005016                HAL_TIM_Base_Start
 .text.HAL_TIM_PWM_MspInit
                0x0800503a        0x2 CMakeFiles/TestLCDi2c.elf.dir/Drivers/STM32F4xx_HAL_Driver/Src/stm32f4xx_hal_tim.c.obj
                0x0800503a                HAL_TIM_PWM_MspInit
 .text.HAL_TIM_PeriodElapsedCallback
                0x0800503c        0x2 CMakeFiles/TestLCDi2c.elf.dir/Drivers/STM32F4xx_HAL_Driver/Src/stm32f4xx_hal_tim.c.obj
                0x0800503c                HAL_TIM_PeriodElapsedCallback
 .text.HAL_TIM_OC_DelayElapsedCallback
                0x0800503e        0x2 CMakeFiles/TestLCDi2c.elf.dir/Drivers/STM32F4xx_HAL_Driver/Src/stm32f4xx_hal_tim.c.obj
                0x0800503e                HAL_TIM_OC_DelayElapsedCallback
 .text.HAL_TIM_IC_CaptureCallback
                0x08005040        0x2 CMakeFiles/TestLCDi2c.elf.dir/Drivers/STM32F4xx_HAL_Driver/Src/stm32f4xx_hal_tim.c.obj
                0x08005040                HAL_TIM_IC_CaptureCallback
 .text.HAL_TIM_PWM_PulseFinishedCallback
                0x08005042        0x2 CMakeFiles/TestLCDi2c.elf.dir/Drivers/STM32F4xx_HAL_Driver/Src/stm32f4xx_hal_tim.c.obj
                0x08005042                HAL_TIM_PWM_PulseFinishedCallback
 .text.HAL_TIM_TriggerCallback
                0x08005044        0x2 CMakeFiles/TestLCDi2c.elf.dir/Drivers/STM32F4xx_HAL_Driver/Src/stm32f4xx_hal_tim.c.obj
                0x08005044                HAL_TIM_TriggerCallback
 .text.HAL_TIM_IRQHandler
                0x08005046      0x17a CMakeFiles/TestLCDi2c.elf.dir/Drivers/STM32F4xx_HAL_Driver/Src/stm32f4xx_hal_tim.c.obj
                0x08005046                HAL_TIM_IRQHandler
 .text.TIM_Base_SetConfig
                0x080051c0       0x9c CMakeFiles/TestLCDi2c.elf.dir/Drivers/STM32F4xx_HAL_Driver/Src/stm32f4xx_hal_tim.c.obj
                0x080051c0                TIM_Base_SetConfig
 .text.HAL_TIM_Base_Init
                0x0800525c       0x34 CMakeFiles/TestLCDi2c.elf.dir/Drivers/STM32F4xx_HAL_Driver/Src/stm32f4xx_hal_tim.c.obj
                0x0800525c                HAL_TIM_Base_Init
 .text.HAL_TIM_PWM_Init
                0x08005290       0x34 CMakeFiles/TestLCDi2c.elf.dir/Drivers/STM32F4xx_HAL_Driver/Src/stm32f4xx_hal_tim.c.obj
                0x08005290                HAL_TIM_PWM_Init
 .text.TIM_OC2_SetConfig
                0x080052c4       0x64 CMakeFiles/TestLCDi2c.elf.dir/Drivers/STM32F4xx_HAL_Driver/Src/stm32f4xx_hal_tim.c.obj
                0x080052c4                TIM_OC2_SetConfig
 .text.HAL_TIM_PWM_ConfigChannel
                0x08005328       0xdc CMakeFiles/TestLCDi2c.elf.dir/Drivers/STM32F4xx_HAL_Driver/Src/stm32f4xx_hal_tim.c.obj
                0x08005328                HAL_TIM_PWM_ConfigChannel
 .text.TIM_ETR_SetConfig
                0x08005404       0x18 CMakeFiles/TestLCDi2c.elf.dir/Drivers/STM32F4xx_HAL_Driver/Src/stm32f4xx_hal_tim.c.obj
                0x08005404                TIM_ETR_SetConfig
 .text.HAL_TIM_ConfigClockSource
                0x0800541c       0xda CMakeFiles/TestLCDi2c.elf.dir/Drivers/STM32F4xx_HAL_Driver/Src/stm32f4xx_hal_tim.c.obj
                0x0800541c                HAL_TIM_ConfigClockSource
 .text.TIM_CCxChannelCmd
                0x080054f6       0x1e CMakeFiles/TestLCDi2c.elf.dir/Drivers/STM32F4xx_HAL_Driver/Src/stm32f4xx_hal_tim.c.obj
                0x080054f6                TIM_CCxChannelCmd
 .text.HAL_TIM_PWM_Start
                0x08005514       0x3c CMakeFiles/TestLCDi2c.elf.dir/Drivers/STM32F4xx_HAL_Driver/Src/stm32f4xx_hal_tim.c.obj
                0x08005514                HAL_TIM_PWM_Start
 .text.HAL_TIMEx_MasterConfigSynchronization
                0x08005550       0x7c CMakeFiles/TestLCDi2c.elf.dir/Drivers/STM32F4xx_HAL_Driver/Src/stm32f4xx_hal_tim_ex.c.obj
                0x08005550                HAL_TIMEx_MasterConfigSynchronization
 .text.HAL_TIMEx_CommutCallback
                0x080055cc        0x2 CMakeFiles/TestLCDi2c.elf.dir/Drivers/STM32F4xx_HAL_Driver/Src/stm32f4xx_hal_tim_ex.c.obj
                0x080055cc                HAL_TIMEx_CommutCallback
 .text.HAL_TIMEx_BreakCallback
                0x080055ce        0x2 CMakeFiles/TestLCDi2c.elf.dir/Drivers/STM32F4xx_HAL_Driver/Src/stm32f4xx_hal_tim_ex.c.obj
                0x080055ce                HAL_TIMEx_BreakCallback
 .text.__errno  0x080055d0        0xc c:/devembedded/tools/gcc-arm-none-eabi-10.3-2021.10-win32/gcc-arm-none-eabi-10.3-2021.10/bin/../lib/gcc/arm-none-eabi/10.3.1/../../../../arm-none-eabi/lib/thumb/v7e-m/nofp\libg.a(lib_a-errno.o)
                0x080055d0                __errno
 .text.__libc_init_array
                0x080055dc       0x48 c:/devembedded/tools/gcc-arm-none-eabi-10.3-2021.10-win32/gcc-arm-none-eabi-10.3-2021.10/bin/../lib/gcc/arm-none-eabi/10.3.1/../../../../arm-none-eabi/lib/thumb/v7e-m/nofp\libg.a(lib_a-init.o)
                0x080055dc                __libc_init_array
 .text.memset   0x08005624       0xa4 c:/devembedded/tools/gcc-arm-none-eabi-10.3-2021.10-win32/gcc-arm-none-eabi-10.3-2021.10/bin/../lib/gcc/arm-none-eabi/10.3.1/../../../../arm-none-eabi/lib/thumb/v7e-m/nofp\libg.a(lib_a-memset.o)
                0x08005624                memset
 .text.sprintf  0x080056c8       0x40 c:/devembedded/tools/gcc-arm-none-eabi-10.3-2021.10-win32/gcc-arm-none-eabi-10.3-2021.10/bin/../lib/gcc/arm-none-eabi/10.3.1/../../../../arm-none-eabi/lib/thumb/v7e-m/nofp\libg.a(lib_a-sprintf.o)
                0x080056c8                sprintf
 .text._svfprintf_r
                0x08005708     0x1a3c c:/devembedded/tools/gcc-arm-none-eabi-10.3-2021.10-win32/gcc-arm-none-eabi-10.3-2021.10/bin/../lib/gcc/arm-none-eabi/10.3.1/../../../../arm-none-eabi/lib/thumb/v7e-m/nofp\libg.a(lib_a-svfprintf.o)
                0x08005708                _svfprintf_r
 .text.startup.register_fini
                0x08007144       0x14 c:/devembedded/tools/gcc-arm-none-eabi-10.3-2021.10-win32/gcc-arm-none-eabi-10.3-2021.10/bin/../lib/gcc/arm-none-eabi/10.3.1/../../../../arm-none-eabi/lib/thumb/v7e-m/nofp\libg.a(lib_a-__call_atexit.o)
 .text.atexit   0x08007158        0xc c:/devembedded/tools/gcc-arm-none-eabi-10.3-2021.10-win32/gcc-arm-none-eabi-10.3-2021.10/bin/../lib/gcc/arm-none-eabi/10.3.1/../../../../arm-none-eabi/lib/thumb/v7e-m/nofp\libg.a(lib_a-atexit.o)
                0x08007158                atexit
 .text.quorem   0x08007164      0x124 c:/devembedded/tools/gcc-arm-none-eabi-10.3-2021.10-win32/gcc-arm-none-eabi-10.3-2021.10/bin/../lib/gcc/arm-none-eabi/10.3.1/../../../../arm-none-eabi/lib/thumb/v7e-m/nofp\libg.a(lib_a-dtoa.o)
 .text._dtoa_r  0x08007288      0xec4 c:/devembedded/tools/gcc-arm-none-eabi-10.3-2021.10-win32/gcc-arm-none-eabi-10.3-2021.10/bin/../lib/gcc/arm-none-eabi/10.3.1/../../../../arm-none-eabi/lib/thumb/v7e-m/nofp\libg.a(lib_a-dtoa.o)
                0x08007288                _dtoa_r
 .text.__libc_fini_array
                0x0800814c       0x2c c:/devembedded/tools/gcc-arm-none-eabi-10.3-2021.10-win32/gcc-arm-none-eabi-10.3-2021.10/bin/../lib/gcc/arm-none-eabi/10.3.1/../../../../arm-none-eabi/lib/thumb/v7e-m/nofp\libg.a(lib_a-fini.o)
                0x0800814c                __libc_fini_array
 .text._malloc_trim_r
                0x08008178       0xa0 c:/devembedded/tools/gcc-arm-none-eabi-10.3-2021.10-win32/gcc-arm-none-eabi-10.3-2021.10/bin/../lib/gcc/arm-none-eabi/10.3.1/../../../../arm-none-eabi/lib/thumb/v7e-m/nofp\libg.a(lib_a-freer.o)
                0x08008178                _malloc_trim_r
 .text._free_r  0x08008218      0x20c c:/devembedded/tools/gcc-arm-none-eabi-10.3-2021.10-win32/gcc-arm-none-eabi-10.3-2021.10/bin/../lib/gcc/arm-none-eabi/10.3.1/../../../../arm-none-eabi/lib/thumb/v7e-m/nofp\libg.a(lib_a-freer.o)
                0x08008218                _free_r
 .text._localeconv_r
                0x08008424        0x8 c:/devembedded/tools/gcc-arm-none-eabi-10.3-2021.10-win32/gcc-arm-none-eabi-10.3-2021.10/bin/../lib/gcc/arm-none-eabi/10.3.1/../../../../arm-none-eabi/lib/thumb/v7e-m/nofp\libg.a(lib_a-localeconv.o)
                0x08008424                _localeconv_r
 .text.__retarget_lock_init_recursive
                0x0800842c        0x4 c:/devembedded/tools/gcc-arm-none-eabi-10.3-2021.10-win32/gcc-arm-none-eabi-10.3-2021.10/bin/../lib/gcc/arm-none-eabi/10.3.1/../../../../arm-none-eabi/lib/thumb/v7e-m/nofp\libg.a(lib_a-lock.o)
                0x0800842c                __retarget_lock_init_recursive
 .text.__retarget_lock_close_recursive
                0x08008430        0x4 c:/devembedded/tools/gcc-arm-none-eabi-10.3-2021.10-win32/gcc-arm-none-eabi-10.3-2021.10/bin/../lib/gcc/arm-none-eabi/10.3.1/../../../../arm-none-eabi/lib/thumb/v7e-m/nofp\libg.a(lib_a-lock.o)
                0x08008430                __retarget_lock_close_recursive
 .text.__retarget_lock_acquire_recursive
                0x08008434        0x4 c:/devembedded/tools/gcc-arm-none-eabi-10.3-2021.10-win32/gcc-arm-none-eabi-10.3-2021.10/bin/../lib/gcc/arm-none-eabi/10.3.1/../../../../arm-none-eabi/lib/thumb/v7e-m/nofp\libg.a(lib_a-lock.o)
                0x08008434                __retarget_lock_acquire_recursive
 .text.__retarget_lock_release_recursive
                0x08008438        0x4 c:/devembedded/tools/gcc-arm-none-eabi-10.3-2021.10-win32/gcc-arm-none-eabi-10.3-2021.10/bin/../lib/gcc/arm-none-eabi/10.3.1/../../../../arm-none-eabi/lib/thumb/v7e-m/nofp\libg.a(lib_a-lock.o)
                0x08008438                __retarget_lock_release_recursive
 .text._malloc_r
                0x0800843c      0x560 c:/devembedded/tools/gcc-arm-none-eabi-10.3-2021.10-win32/gcc-arm-none-eabi-10.3-2021.10/bin/../lib/gcc/arm-none-eabi/10.3.1/../../../../arm-none-eabi/lib/thumb/v7e-m/nofp\libg.a(lib_a-mallocr.o)
                0x0800843c                _malloc_r
 .text.__malloc_lock
                0x0800899c        0xc c:/devembedded/tools/gcc-arm-none-eabi-10.3-2021.10-win32/gcc-arm-none-eabi-10.3-2021.10/bin/../lib/gcc/arm-none-eabi/10.3.1/../../../../arm-none-eabi/lib/thumb/v7e-m/nofp\libg.a(lib_a-mlock.o)
                0x0800899c                __malloc_lock
 .text.__malloc_unlock
                0x080089a8        0xc c:/devembedded/tools/gcc-arm-none-eabi-10.3-2021.10-win32/gcc-arm-none-eabi-10.3-2021.10/bin/../lib/gcc/arm-none-eabi/10.3.1/../../../../arm-none-eabi/lib/thumb/v7e-m/nofp\libg.a(lib_a-mlock.o)
                0x080089a8                __malloc_unlock
 .text._Balloc  0x080089b4       0x4c c:/devembedded/tools/gcc-arm-none-eabi-10.3-2021.10-win32/gcc-arm-none-eabi-10.3-2021.10/bin/../lib/gcc/arm-none-eabi/10.3.1/../../../../arm-none-eabi/lib/thumb/v7e-m/nofp\libg.a(lib_a-mprec.o)
                0x080089b4                _Balloc
 .text._Bfree   0x08008a00       0x14 c:/devembedded/tools/gcc-arm-none-eabi-10.3-2021.10-win32/gcc-arm-none-eabi-10.3-2021.10/bin/../lib/gcc/arm-none-eabi/10.3.1/../../../../arm-none-eabi/lib/thumb/v7e-m/nofp\libg.a(lib_a-mprec.o)
                0x08008a00                _Bfree
 .text.__multadd
                0x08008a14       0xa0 c:/devembedded/tools/gcc-arm-none-eabi-10.3-2021.10-win32/gcc-arm-none-eabi-10.3-2021.10/bin/../lib/gcc/arm-none-eabi/10.3.1/../../../../arm-none-eabi/lib/thumb/v7e-m/nofp\libg.a(lib_a-mprec.o)
                0x08008a14                __multadd
 .text.__hi0bits
                0x08008ab4       0x40 c:/devembedded/tools/gcc-arm-none-eabi-10.3-2021.10-win32/gcc-arm-none-eabi-10.3-2021.10/bin/../lib/gcc/arm-none-eabi/10.3.1/../../../../arm-none-eabi/lib/thumb/v7e-m/nofp\libg.a(lib_a-mprec.o)
                0x08008ab4                __hi0bits
 .text.__lo0bits
                0x08008af4       0x5c c:/devembedded/tools/gcc-arm-none-eabi-10.3-2021.10-win32/gcc-arm-none-eabi-10.3-2021.10/bin/../lib/gcc/arm-none-eabi/10.3.1/../../../../arm-none-eabi/lib/thumb/v7e-m/nofp\libg.a(lib_a-mprec.o)
                0x08008af4                __lo0bits
 .text.__i2b    0x08008b50       0x5c c:/devembedded/tools/gcc-arm-none-eabi-10.3-2021.10-win32/gcc-arm-none-eabi-10.3-2021.10/bin/../lib/gcc/arm-none-eabi/10.3.1/../../../../arm-none-eabi/lib/thumb/v7e-m/nofp\libg.a(lib_a-mprec.o)
                0x08008b50                __i2b
 .text.__multiply
                0x08008bac      0x15c c:/devembedded/tools/gcc-arm-none-eabi-10.3-2021.10-win32/gcc-arm-none-eabi-10.3-2021.10/bin/../lib/gcc/arm-none-eabi/10.3.1/../../../../arm-none-eabi/lib/thumb/v7e-m/nofp\libg.a(lib_a-mprec.o)
                0x08008bac                __multiply
 .text.__pow5mult
                0x08008d08       0xc0 c:/devembedded/tools/gcc-arm-none-eabi-10.3-2021.10-win32/gcc-arm-none-eabi-10.3-2021.10/bin/../lib/gcc/arm-none-eabi/10.3.1/../../../../arm-none-eabi/lib/thumb/v7e-m/nofp\libg.a(lib_a-mprec.o)
                0x08008d08                __pow5mult
 .text.__lshift
                0x08008dc8       0xf0 c:/devembedded/tools/gcc-arm-none-eabi-10.3-2021.10-win32/gcc-arm-none-eabi-10.3-2021.10/bin/../lib/gcc/arm-none-eabi/10.3.1/../../../../arm-none-eabi/lib/thumb/v7e-m/nofp\libg.a(lib_a-mprec.o)
                0x08008dc8                __lshift
 .text.__mcmp   0x08008eb8       0x40 c:/devembedded/tools/gcc-arm-none-eabi-10.3-2021.10-win32/gcc-arm-none-eabi-10.3-2021.10/bin/../lib/gcc/arm-none-eabi/10.3.1/../../../../arm-none-eabi/lib/thumb/v7e-m/nofp\libg.a(lib_a-mprec.o)
                0x08008eb8                __mcmp
 .text.__mdiff  0x08008ef8      0x14c c:/devembedded/tools/gcc-arm-none-eabi-10.3-2021.10-win32/gcc-arm-none-eabi-10.3-2021.10/bin/../lib/gcc/arm-none-eabi/10.3.1/../../../../arm-none-eabi/lib/thumb/v7e-m/nofp\libg.a(lib_a-mprec.o)
                0x08008ef8                __mdiff
 .text.__d2b    0x08009044       0xc4 c:/devembedded/tools/gcc-arm-none-eabi-10.3-2021.10-win32/gcc-arm-none-eabi-10.3-2021.10/bin/../lib/gcc/arm-none-eabi/10.3.1/../../../../arm-none-eabi/lib/thumb/v7e-m/nofp\libg.a(lib_a-mprec.o)
                0x08009044                __d2b
 .text.frexp    0x08009108       0x70 c:/devembedded/tools/gcc-arm-none-eabi-10.3-2021.10-win32/gcc-arm-none-eabi-10.3-2021.10/bin/../lib/gcc/arm-none-eabi/10.3.1/../../../../arm-none-eabi/lib/thumb/v7e-m/nofp\libg.a(lib_a-s_frexp.o)
                0x08009108                frexp
 .text._sbrk_r  0x08009178       0x24 c:/devembedded/tools/gcc-arm-none-eabi-10.3-2021.10-win32/gcc-arm-none-eabi-10.3-2021.10/bin/../lib/gcc/arm-none-eabi/10.3.1/../../../../arm-none-eabi/lib/thumb/v7e-m/nofp\libg.a(lib_a-sbrkr.o)
                0x08009178                _sbrk_r
 .text.strncpy  0x0800919c       0x64 c:/devembedded/tools/gcc-arm-none-eabi-10.3-2021.10-win32/gcc-arm-none-eabi-10.3-2021.10/bin/../lib/gcc/arm-none-eabi/10.3.1/../../../../arm-none-eabi/lib/thumb/v7e-m/nofp\libg.a(lib_a-strncpy.o)
                0x0800919c                strncpy
 .text.__ssprint_r
                0x08009200       0xf8 c:/devembedded/tools/gcc-arm-none-eabi-10.3-2021.10-win32/gcc-arm-none-eabi-10.3-2021.10/bin/../lib/gcc/arm-none-eabi/10.3.1/../../../../arm-none-eabi/lib/thumb/v7e-m/nofp\libg.a(lib_a-svfiprintf.o)
                0x08009200                __ssprint_r
 .text.__register_exitproc
                0x080092f8       0x8c c:/devembedded/tools/gcc-arm-none-eabi-10.3-2021.10-win32/gcc-arm-none-eabi-10.3-2021.10/bin/../lib/gcc/arm-none-eabi/10.3.1/../../../../arm-none-eabi/lib/thumb/v7e-m/nofp\libg.a(lib_a-__atexit.o)
                0x080092f8                __register_exitproc
 .text.__assert_func
                0x08009384       0x40 c:/devembedded/tools/gcc-arm-none-eabi-10.3-2021.10-win32/gcc-arm-none-eabi-10.3-2021.10/bin/../lib/gcc/arm-none-eabi/10.3.1/../../../../arm-none-eabi/lib/thumb/v7e-m/nofp\libg.a(lib_a-assert.o)
                0x08009384                __assert_func
 .text._calloc_r
                0x080093c4       0x78 c:/devembedded/tools/gcc-arm-none-eabi-10.3-2021.10-win32/gcc-arm-none-eabi-10.3-2021.10/bin/../lib/gcc/arm-none-eabi/10.3.1/../../../../arm-none-eabi/lib/thumb/v7e-m/nofp\libg.a(lib_a-callocr.o)
                0x080093c4                _calloc_r
 .text.fiprintf
                0x0800943c       0x28 c:/devembedded/tools/gcc-arm-none-eabi-10.3-2021.10-win32/gcc-arm-none-eabi-10.3-2021.10/bin/../lib/gcc/arm-none-eabi/10.3.1/../../../../arm-none-eabi/lib/thumb/v7e-m/nofp\libg.a(lib_a-fiprintf.o)
                0x0800943c                fiprintf
 .text.__locale_mb_cur_max
                0x08009464        0xc c:/devembedded/tools/gcc-arm-none-eabi-10.3-2021.10-win32/gcc-arm-none-eabi-10.3-2021.10/bin/../lib/gcc/arm-none-eabi/10.3.1/../../../../arm-none-eabi/lib/thumb/v7e-m/nofp\libg.a(lib_a-locale.o)
                0x08009464                __locale_mb_cur_max
 .text.__ascii_mbtowc
                0x08009470       0x2c c:/devembedded/tools/gcc-arm-none-eabi-10.3-2021.10-win32/gcc-arm-none-eabi-10.3-2021.10/bin/../lib/gcc/arm-none-eabi/10.3.1/../../../../arm-none-eabi/lib/thumb/v7e-m/nofp\libg.a(lib_a-mbtowc_r.o)
                0x08009470                __ascii_mbtowc
 .text.memmove  0x0800949c       0xf8 c:/devembedded/tools/gcc-arm-none-eabi-10.3-2021.10-win32/gcc-arm-none-eabi-10.3-2021.10/bin/../lib/gcc/arm-none-eabi/10.3.1/../../../../arm-none-eabi/lib/thumb/v7e-m/nofp\libg.a(lib_a-memmove.o)
                0x0800949c                memmove
 .text._realloc_r
                0x08009594      0x3d8 c:/devembedded/tools/gcc-arm-none-eabi-10.3-2021.10-win32/gcc-arm-none-eabi-10.3-2021.10/bin/../lib/gcc/arm-none-eabi/10.3.1/../../../../arm-none-eabi/lib/thumb/v7e-m/nofp\libg.a(lib_a-reallocr.o)
                0x08009594                _realloc_r
 .text.__sprint_r.part.0
                0x0800996c       0x78 c:/devembedded/tools/gcc-arm-none-eabi-10.3-2021.10-win32/gcc-arm-none-eabi-10.3-2021.10/bin/../lib/gcc/arm-none-eabi/10.3.1/../../../../arm-none-eabi/lib/thumb/v7e-m/nofp\libg.a(lib_a-vfiprintf.o)
 .text._vfiprintf_r
                0x080099e4      0xda0 c:/devembedded/tools/gcc-arm-none-eabi-10.3-2021.10-win32/gcc-arm-none-eabi-10.3-2021.10/bin/../lib/gcc/arm-none-eabi/10.3.1/../../../../arm-none-eabi/lib/thumb/v7e-m/nofp\libg.a(lib_a-vfiprintf.o)
                0x080099e4                _vfiprintf_r
 .text.__sbprintf
                0x0800a784       0x80 c:/devembedded/tools/gcc-arm-none-eabi-10.3-2021.10-win32/gcc-arm-none-eabi-10.3-2021.10/bin/../lib/gcc/arm-none-eabi/10.3.1/../../../../arm-none-eabi/lib/thumb/v7e-m/nofp\libg.a(lib_a-vfiprintf.o)
 .text.__ascii_wctomb
                0x0800a804       0x1c c:/devembedded/tools/gcc-arm-none-eabi-10.3-2021.10-win32/gcc-arm-none-eabi-10.3-2021.10/bin/../lib/gcc/arm-none-eabi/10.3.1/../../../../arm-none-eabi/lib/thumb/v7e-m/nofp\libg.a(lib_a-wctomb_r.o)
                0x0800a804                __ascii_wctomb
 .text.__swsetup_r
                0x0800a820       0xd4 c:/devembedded/tools/gcc-arm-none-eabi-10.3-2021.10-win32/gcc-arm-none-eabi-10.3-2021.10/bin/../lib/gcc/arm-none-eabi/10.3.1/../../../../arm-none-eabi/lib/thumb/v7e-m/nofp\libg.a(lib_a-wsetup.o)
                0x0800a820                __swsetup_r
 .text.abort    0x0800a8f4       0x10 c:/devembedded/tools/gcc-arm-none-eabi-10.3-2021.10-win32/gcc-arm-none-eabi-10.3-2021.10/bin/../lib/gcc/arm-none-eabi/10.3.1/../../../../arm-none-eabi/lib/thumb/v7e-m/nofp\libg.a(lib_a-abort.o)
                0x0800a8f4                abort
 .text.__sflush_r
                0x0800a904      0x120 c:/devembedded/tools/gcc-arm-none-eabi-10.3-2021.10-win32/gcc-arm-none-eabi-10.3-2021.10/bin/../lib/gcc/arm-none-eabi/10.3.1/../../../../arm-none-eabi/lib/thumb/v7e-m/nofp\libg.a(lib_a-fflush.o)
                0x0800a904                __sflush_r
 .text._fflush_r
                0x0800aa24       0x5c c:/devembedded/tools/gcc-arm-none-eabi-10.3-2021.10-win32/gcc-arm-none-eabi-10.3-2021.10/bin/../lib/gcc/arm-none-eabi/10.3.1/../../../../arm-none-eabi/lib/thumb/v7e-m/nofp\libg.a(lib_a-fflush.o)
                0x0800aa24                _fflush_r
 .text._cleanup_r
                0x0800aa80        0xc c:/devembedded/tools/gcc-arm-none-eabi-10.3-2021.10-win32/gcc-arm-none-eabi-10.3-2021.10/bin/../lib/gcc/arm-none-eabi/10.3.1/../../../../arm-none-eabi/lib/thumb/v7e-m/nofp\libg.a(lib_a-findfp.o)
                0x0800aa80                _cleanup_r
 .text.__sinit  0x0800aa8c      0x10c c:/devembedded/tools/gcc-arm-none-eabi-10.3-2021.10-win32/gcc-arm-none-eabi-10.3-2021.10/bin/../lib/gcc/arm-none-eabi/10.3.1/../../../../arm-none-eabi/lib/thumb/v7e-m/nofp\libg.a(lib_a-findfp.o)
                0x0800aa8c                __sinit
 .text.__sfp_lock_acquire
                0x0800ab98        0xc c:/devembedded/tools/gcc-arm-none-eabi-10.3-2021.10-win32/gcc-arm-none-eabi-10.3-2021.10/bin/../lib/gcc/arm-none-eabi/10.3.1/../../../../arm-none-eabi/lib/thumb/v7e-m/nofp\libg.a(lib_a-findfp.o)
                0x0800ab98                __sfp_lock_acquire
 .text.__sfp_lock_release
                0x0800aba4        0xc c:/devembedded/tools/gcc-arm-none-eabi-10.3-2021.10-win32/gcc-arm-none-eabi-10.3-2021.10/bin/../lib/gcc/arm-none-eabi/10.3.1/../../../../arm-none-eabi/lib/thumb/v7e-m/nofp\libg.a(lib_a-findfp.o)
                0x0800aba4                __sfp_lock_release
 .text.__fputwc
                0x0800abb0       0xa8 c:/devembedded/tools/gcc-arm-none-eabi-10.3-2021.10-win32/gcc-arm-none-eabi-10.3-2021.10/bin/../lib/gcc/arm-none-eabi/10.3.1/../../../../arm-none-eabi/lib/thumb/v7e-m/nofp\libg.a(lib_a-fputwc.o)
                0x0800abb0                __fputwc
 .text._fputwc_r
                0x0800ac58       0x68 c:/devembedded/tools/gcc-arm-none-eabi-10.3-2021.10-win32/gcc-arm-none-eabi-10.3-2021.10/bin/../lib/gcc/arm-none-eabi/10.3.1/../../../../arm-none-eabi/lib/thumb/v7e-m/nofp\libg.a(lib_a-fputwc.o)
                0x0800ac58                _fputwc_r
 .text.__sfvwrite_r
                0x0800acc0      0x2e8 c:/devembedded/tools/gcc-arm-none-eabi-10.3-2021.10-win32/gcc-arm-none-eabi-10.3-2021.10/bin/../lib/gcc/arm-none-eabi/10.3.1/../../../../arm-none-eabi/lib/thumb/v7e-m/nofp\libg.a(lib_a-fvwrite.o)
                0x0800acc0                __sfvwrite_r
 .text._fwalk_reent
                0x0800afa8       0x48 c:/devembedded/tools/gcc-arm-none-eabi-10.3-2021.10-win32/gcc-arm-none-eabi-10.3-2021.10/bin/../lib/gcc/arm-none-eabi/10.3.1/../../../../arm-none-eabi/lib/thumb/v7e-m/nofp\libg.a(lib_a-fwalk.o)
                0x0800afa8                _fwalk_reent
 .text.__smakebuf_r
                0x0800aff0       0xe0 c:/devembedded/tools/gcc-arm-none-eabi-10.3-2021.10-win32/gcc-arm-none-eabi-10.3-2021.10/bin/../lib/gcc/arm-none-eabi/10.3.1/../../../../arm-none-eabi/lib/thumb/v7e-m/nofp\libg.a(lib_a-makebuf.o)
                0x0800aff0                __smakebuf_r
 .text.raise    0x0800b0d0       0x5c c:/devembedded/tools/gcc-arm-none-eabi-10.3-2021.10-win32/gcc-arm-none-eabi-10.3-2021.10/bin/../lib/gcc/arm-none-eabi/10.3.1/../../../../arm-none-eabi/lib/thumb/v7e-m/nofp\libg.a(lib_a-signal.o)
                0x0800b0d0                raise
 .text._kill_r  0x0800b12c       0x2c c:/devembedded/tools/gcc-arm-none-eabi-10.3-2021.10-win32/gcc-arm-none-eabi-10.3-2021.10/bin/../lib/gcc/arm-none-eabi/10.3.1/../../../../arm-none-eabi/lib/thumb/v7e-m/nofp\libg.a(lib_a-signalr.o)
                0x0800b12c                _kill_r
 .text._getpid_r
                0x0800b158        0x4 c:/devembedded/tools/gcc-arm-none-eabi-10.3-2021.10-win32/gcc-arm-none-eabi-10.3-2021.10/bin/../lib/gcc/arm-none-eabi/10.3.1/../../../../arm-none-eabi/lib/thumb/v7e-m/nofp\libg.a(lib_a-signalr.o)
                0x0800b158                _getpid_r
 .text.__sread  0x0800b15c       0x24 c:/devembedded/tools/gcc-arm-none-eabi-10.3-2021.10-win32/gcc-arm-none-eabi-10.3-2021.10/bin/../lib/gcc/arm-none-eabi/10.3.1/../../../../arm-none-eabi/lib/thumb/v7e-m/nofp\libg.a(lib_a-stdio.o)
                0x0800b15c                __sread
 .text.__swrite
                0x0800b180       0x40 c:/devembedded/tools/gcc-arm-none-eabi-10.3-2021.10-win32/gcc-arm-none-eabi-10.3-2021.10/bin/../lib/gcc/arm-none-eabi/10.3.1/../../../../arm-none-eabi/lib/thumb/v7e-m/nofp\libg.a(lib_a-stdio.o)
                0x0800b180                __swrite
 .text.__sseek  0x0800b1c0       0x20 c:/devembedded/tools/gcc-arm-none-eabi-10.3-2021.10-win32/gcc-arm-none-eabi-10.3-2021.10/bin/../lib/gcc/arm-none-eabi/10.3.1/../../../../arm-none-eabi/lib/thumb/v7e-m/nofp\libg.a(lib_a-stdio.o)
                0x0800b1c0                __sseek
 .text.__sclose
                0x0800b1e0        0x8 c:/devembedded/tools/gcc-arm-none-eabi-10.3-2021.10-win32/gcc-arm-none-eabi-10.3-2021.10/bin/../lib/gcc/arm-none-eabi/10.3.1/../../../../arm-none-eabi/lib/thumb/v7e-m/nofp\libg.a(lib_a-stdio.o)
                0x0800b1e0                __sclose
 .text.__swbuf_r
                0x0800b1e8       0xb0 c:/devembedded/tools/gcc-arm-none-eabi-10.3-2021.10-win32/gcc-arm-none-eabi-10.3-2021.10/bin/../lib/gcc/arm-none-eabi/10.3.1/../../../../arm-none-eabi/lib/thumb/v7e-m/nofp\libg.a(lib_a-wbuf.o)
                0x0800b1e8                __swbuf_r
 .text._wcrtomb_r
                0x0800b298       0x3c c:/devembedded/tools/gcc-arm-none-eabi-10.3-2021.10-win32/gcc-arm-none-eabi-10.3-2021.10/bin/../lib/gcc/arm-none-eabi/10.3.1/../../../../arm-none-eabi/lib/thumb/v7e-m/nofp\libg.a(lib_a-wcrtomb.o)
                0x0800b298                _wcrtomb_r
 .text._write_r
                0x0800b2d4       0x2c c:/devembedded/tools/gcc-arm-none-eabi-10.3-2021.10-win32/gcc-arm-none-eabi-10.3-2021.10/bin/../lib/gcc/arm-none-eabi/10.3.1/../../../../arm-none-eabi/lib/thumb/v7e-m/nofp\libg.a(lib_a-writer.o)
                0x0800b2d4                _write_r
 .text._close_r
                0x0800b300       0x24 c:/devembedded/tools/gcc-arm-none-eabi-10.3-2021.10-win32/gcc-arm-none-eabi-10.3-2021.10/bin/../lib/gcc/arm-none-eabi/10.3.1/../../../../arm-none-eabi/lib/thumb/v7e-m/nofp\libg.a(lib_a-closer.o)
                0x0800b300                _close_r
 .text._fclose_r
                0x0800b324       0xcc c:/devembedded/tools/gcc-arm-none-eabi-10.3-2021.10-win32/gcc-arm-none-eabi-10.3-2021.10/bin/../lib/gcc/arm-none-eabi/10.3.1/../../../../arm-none-eabi/lib/thumb/v7e-m/nofp\libg.a(lib_a-fclose.o)
                0x0800b324                _fclose_r
 .text._fstat_r
                0x0800b3f0       0x2c c:/devembedded/tools/gcc-arm-none-eabi-10.3-2021.10-win32/gcc-arm-none-eabi-10.3-2021.10/bin/../lib/gcc/arm-none-eabi/10.3.1/../../../../arm-none-eabi/lib/thumb/v7e-m/nofp\libg.a(lib_a-fstatr.o)
                0x0800b3f0                _fstat_r
 .text._isatty_r
                0x0800b41c       0x24 c:/devembedded/tools/gcc-arm-none-eabi-10.3-2021.10-win32/gcc-arm-none-eabi-10.3-2021.10/bin/../lib/gcc/arm-none-eabi/10.3.1/../../../../arm-none-eabi/lib/thumb/v7e-m/nofp\libg.a(lib_a-isattyr.o)
                0x0800b41c                _isatty_r
 .text._lseek_r
                0x0800b440       0x2c c:/devembedded/tools/gcc-arm-none-eabi-10.3-2021.10-win32/gcc-arm-none-eabi-10.3-2021.10/bin/../lib/gcc/arm-none-eabi/10.3.1/../../../../arm-none-eabi/lib/thumb/v7e-m/nofp\libg.a(lib_a-lseekr.o)
                0x0800b440                _lseek_r
 .text._read_r  0x0800b46c       0x2c c:/devembedded/tools/gcc-arm-none-eabi-10.3-2021.10-win32/gcc-arm-none-eabi-10.3-2021.10/bin/../lib/gcc/arm-none-eabi/10.3.1/../../../../arm-none-eabi/lib/thumb/v7e-m/nofp\libg.a(lib_a-readr.o)
                0x0800b46c                _read_r
 *(.glue_7)
 .glue_7        0x0800b498        0x0 linker stubs
 *(.glue_7t)
 .glue_7t       0x0800b498        0x0 linker stubs
 *(.eh_frame)
 .eh_frame      0x0800b498        0x0 c:/devembedded/tools/gcc-arm-none-eabi-10.3-2021.10-win32/gcc-arm-none-eabi-10.3-2021.10/bin/../lib/gcc/arm-none-eabi/10.3.1/thumb/v7e-m/nofp/crtbegin.o
 *(.init)
 .init          0x0800b498        0x4 c:/devembedded/tools/gcc-arm-none-eabi-10.3-2021.10-win32/gcc-arm-none-eabi-10.3-2021.10/bin/../lib/gcc/arm-none-eabi/10.3.1/thumb/v7e-m/nofp/crti.o
                0x0800b498                _init
 .init          0x0800b49c        0x8 c:/devembedded/tools/gcc-arm-none-eabi-10.3-2021.10-win32/gcc-arm-none-eabi-10.3-2021.10/bin/../lib/gcc/arm-none-eabi/10.3.1/thumb/v7e-m/nofp/crtn.o
 *(.fini)
 .fini          0x0800b4a4        0x4 c:/devembedded/tools/gcc-arm-none-eabi-10.3-2021.10-win32/gcc-arm-none-eabi-10.3-2021.10/bin/../lib/gcc/arm-none-eabi/10.3.1/thumb/v7e-m/nofp/crti.o
                0x0800b4a4                _fini
 .fini          0x0800b4a8        0x8 c:/devembedded/tools/gcc-arm-none-eabi-10.3-2021.10-win32/gcc-arm-none-eabi-10.3-2021.10/bin/../lib/gcc/arm-none-eabi/10.3.1/thumb/v7e-m/nofp/crtn.o
                0x0800b4b0                . = ALIGN (0x4)
                0x0800b4b0                _etext = .

.vfp11_veneer   0x0800b4b0        0x0
 .vfp11_veneer  0x0800b4b0        0x0 linker stubs

.v4_bx          0x0800b4b0        0x0
 .v4_bx         0x0800b4b0        0x0 linker stubs

.iplt           0x0800b4b0        0x0
 .iplt          0x0800b4b0        0x0 c:/devembedded/tools/gcc-arm-none-eabi-10.3-2021.10-win32/gcc-arm-none-eabi-10.3-2021.10/bin/../lib/gcc/arm-none-eabi/10.3.1/thumb/v7e-m/nofp/crtbegin.o

.rodata         0x0800b4b0      0x56c
                0x0800b4b0                . = ALIGN (0x4)
 *(.rodata)
 .rodata        0x0800b4b0       0x10 CMakeFiles/TestLCDi2c.elf.dir/Core/Src/keypad.c.obj
 *(.rodata*)
 .rodata.BSP_LCD_Temperature.str1.4
                0x0800b4c0        0xe CMakeFiles/TestLCDi2c.elf.dir/Core/Src/bsp.c.obj
 *fill*         0x0800b4ce        0x2 
 .rodata.BSP_LCD_Humidity.str1.4
                0x0800b4d0        0xb CMakeFiles/TestLCDi2c.elf.dir/Core/Src/bsp.c.obj
 *fill*         0x0800b4db        0x1 
 .rodata.Cursor_Data
                0x0800b4dc       0x20 CMakeFiles/TestLCDi2c.elf.dir/Core/Src/lcd_i2cModule.c.obj
 .rodata.main.str1.4
                0x0800b4fc      0x10b CMakeFiles/TestLCDi2c.elf.dir/Core/Src/main.c.obj
 *fill*         0x0800b607        0x1 
 .rodata.AHBPrescTable
                0x0800b608       0x10 CMakeFiles/TestLCDi2c.elf.dir/Core/Src/system_stm32f4xx.c.obj
                0x0800b608                AHBPrescTable
 .rodata.APBPrescTable
                0x0800b618        0x8 CMakeFiles/TestLCDi2c.elf.dir/Core/Src/system_stm32f4xx.c.obj
                0x0800b618                APBPrescTable
 .rodata.flagBitshiftOffset.0
                0x0800b620        0x8 CMakeFiles/TestLCDi2c.elf.dir/Drivers/STM32F4xx_HAL_Driver/Src/stm32f4xx_hal_dma.c.obj
 .rodata._global_impure_ptr
                0x0800b628        0x4 c:/devembedded/tools/gcc-arm-none-eabi-10.3-2021.10-win32/gcc-arm-none-eabi-10.3-2021.10/bin/../lib/gcc/arm-none-eabi/10.3.1/../../../../arm-none-eabi/lib/thumb/v7e-m/nofp\libg.a(lib_a-impure.o)
                0x0800b628                _global_impure_ptr
 .rodata._svfprintf_r.str1.4
                0x0800b62c       0x3f c:/devembedded/tools/gcc-arm-none-eabi-10.3-2021.10-win32/gcc-arm-none-eabi-10.3-2021.10/bin/../lib/gcc/arm-none-eabi/10.3.1/../../../../arm-none-eabi/lib/thumb/v7e-m/nofp\libg.a(lib_a-svfprintf.o)
                                 0x42 (size before relaxing)
 *fill*         0x0800b66b        0x1 
 .rodata.blanks.1
                0x0800b66c       0x10 c:/devembedded/tools/gcc-arm-none-eabi-10.3-2021.10-win32/gcc-arm-none-eabi-10.3-2021.10/bin/../lib/gcc/arm-none-eabi/10.3.1/../../../../arm-none-eabi/lib/thumb/v7e-m/nofp\libg.a(lib_a-svfprintf.o)
 .rodata.zeroes.0
                0x0800b67c       0x10 c:/devembedded/tools/gcc-arm-none-eabi-10.3-2021.10-win32/gcc-arm-none-eabi-10.3-2021.10/bin/../lib/gcc/arm-none-eabi/10.3.1/../../../../arm-none-eabi/lib/thumb/v7e-m/nofp\libg.a(lib_a-svfprintf.o)
 .rodata._dtoa_r.str1.4
                0x0800b68c       0xa2 c:/devembedded/tools/gcc-arm-none-eabi-10.3-2021.10-win32/gcc-arm-none-eabi-10.3-2021.10/bin/../lib/gcc/arm-none-eabi/10.3.1/../../../../arm-none-eabi/lib/thumb/v7e-m/nofp\libg.a(lib_a-dtoa.o)
                                 0xa6 (size before relaxing)
 *fill*         0x0800b72e        0x2 
 .rodata.__multadd.str1.4
                0x0800b730       0x7f c:/devembedded/tools/gcc-arm-none-eabi-10.3-2021.10-win32/gcc-arm-none-eabi-10.3-2021.10/bin/../lib/gcc/arm-none-eabi/10.3.1/../../../../arm-none-eabi/lib/thumb/v7e-m/nofp\libg.a(lib_a-mprec.o)
                                 0x93 (size before relaxing)
 *fill*         0x0800b7af        0x1 
 .rodata.__mprec_bigtens
                0x0800b7b0       0x28 c:/devembedded/tools/gcc-arm-none-eabi-10.3-2021.10-win32/gcc-arm-none-eabi-10.3-2021.10/bin/../lib/gcc/arm-none-eabi/10.3.1/../../../../arm-none-eabi/lib/thumb/v7e-m/nofp\libg.a(lib_a-mprec.o)
                0x0800b7b0                __mprec_bigtens
 .rodata.__mprec_tens
                0x0800b7d8       0xc8 c:/devembedded/tools/gcc-arm-none-eabi-10.3-2021.10-win32/gcc-arm-none-eabi-10.3-2021.10/bin/../lib/gcc/arm-none-eabi/10.3.1/../../../../arm-none-eabi/lib/thumb/v7e-m/nofp\libg.a(lib_a-mprec.o)
                0x0800b7d8                __mprec_tens
 .rodata.p05.0  0x0800b8a0        0xc c:/devembedded/tools/gcc-arm-none-eabi-10.3-2021.10-win32/gcc-arm-none-eabi-10.3-2021.10/bin/../lib/gcc/arm-none-eabi/10.3.1/../../../../arm-none-eabi/lib/thumb/v7e-m/nofp\libg.a(lib_a-mprec.o)
 .rodata.__assert_func.str1.4
                0x0800b8ac       0x3f c:/devembedded/tools/gcc-arm-none-eabi-10.3-2021.10-win32/gcc-arm-none-eabi-10.3-2021.10/bin/../lib/gcc/arm-none-eabi/10.3.1/../../../../arm-none-eabi/lib/thumb/v7e-m/nofp\libg.a(lib_a-assert.o)
                                 0x43 (size before relaxing)
 *fill*         0x0800b8eb        0x1 
 .rodata._setlocale_r.str1.4
                0x0800b8ec        0x6 c:/devembedded/tools/gcc-arm-none-eabi-10.3-2021.10-win32/gcc-arm-none-eabi-10.3-2021.10/bin/../lib/gcc/arm-none-eabi/10.3.1/../../../../arm-none-eabi/lib/thumb/v7e-m/nofp\libg.a(lib_a-locale.o)
                                  0xd (size before relaxing)
 *fill*         0x0800b8f2        0x2 
 .rodata.str1.4
                0x0800b8f4        0x2 c:/devembedded/tools/gcc-arm-none-eabi-10.3-2021.10-win32/gcc-arm-none-eabi-10.3-2021.10/bin/../lib/gcc/arm-none-eabi/10.3.1/../../../../arm-none-eabi/lib/thumb/v7e-m/nofp\libg.a(lib_a-locale.o)
 .rodata._vfiprintf_r.str1.4
                0x0800b8f6       0x2f c:/devembedded/tools/gcc-arm-none-eabi-10.3-2021.10-win32/gcc-arm-none-eabi-10.3-2021.10/bin/../lib/gcc/arm-none-eabi/10.3.1/../../../../arm-none-eabi/lib/thumb/v7e-m/nofp\libg.a(lib_a-vfiprintf.o)
 *fill*         0x0800b8f6        0x2 
 .rodata.blanks.1
                0x0800b8f8       0x10 c:/devembedded/tools/gcc-arm-none-eabi-10.3-2021.10-win32/gcc-arm-none-eabi-10.3-2021.10/bin/../lib/gcc/arm-none-eabi/10.3.1/../../../../arm-none-eabi/lib/thumb/v7e-m/nofp\libg.a(lib_a-vfiprintf.o)
 .rodata.zeroes.0
                0x0800b908       0x10 c:/devembedded/tools/gcc-arm-none-eabi-10.3-2021.10-win32/gcc-arm-none-eabi-10.3-2021.10/bin/../lib/gcc/arm-none-eabi/10.3.1/../../../../arm-none-eabi/lib/thumb/v7e-m/nofp\libg.a(lib_a-vfiprintf.o)
 .rodata._ctype_
                0x0800b918      0x101 c:/devembedded/tools/gcc-arm-none-eabi-10.3-2021.10-win32/gcc-arm-none-eabi-10.3-2021.10/bin/../lib/gcc/arm-none-eabi/10.3.1/../../../../arm-none-eabi/lib/thumb/v7e-m/nofp\libg.a(lib_a-ctype_.o)
                0x0800b918                _ctype_
                0x0800ba1c                . = ALIGN (0x4)
 *fill*         0x0800ba19        0x3 

.ARM.extab      0x0800ba1c        0x0
                0x0800ba1c                . = ALIGN (0x4)
 *(.ARM.extab* .gnu.linkonce.armextab.*)
                0x0800ba1c                . = ALIGN (0x4)

.ARM            0x0800ba1c        0x8
                0x0800ba1c                . = ALIGN (0x4)
                0x0800ba1c                __exidx_start = .
 *(.ARM.exidx*)
 .ARM.exidx     0x0800ba1c        0x8 c:/devembedded/tools/gcc-arm-none-eabi-10.3-2021.10-win32/gcc-arm-none-eabi-10.3-2021.10/bin/../lib/gcc/arm-none-eabi/10.3.1/thumb/v7e-m/nofp\libgcc.a(_udivmoddi4.o)
                0x0800ba24                __exidx_end = .
                0x0800ba24                . = ALIGN (0x4)

.rel.dyn        0x0800ba24        0x0
 .rel.iplt      0x0800ba24        0x0 c:/devembedded/tools/gcc-arm-none-eabi-10.3-2021.10-win32/gcc-arm-none-eabi-10.3-2021.10/bin/../lib/gcc/arm-none-eabi/10.3.1/thumb/v7e-m/nofp/crtbegin.o

.preinit_array  0x0800ba24        0x0
                0x0800ba24                . = ALIGN (0x4)
                0x0800ba24                PROVIDE (__preinit_array_start = .)
 *(.preinit_array*)
                0x0800ba24                PROVIDE (__preinit_array_end = .)
                0x0800ba24                . = ALIGN (0x4)

.init_array     0x0800ba24        0x8
                0x0800ba24                . = ALIGN (0x4)
                0x0800ba24                PROVIDE (__init_array_start = .)
 *(SORT_BY_NAME(.init_array.*))
 .init_array.00000
                0x0800ba24        0x4 c:/devembedded/tools/gcc-arm-none-eabi-10.3-2021.10-win32/gcc-arm-none-eabi-10.3-2021.10/bin/../lib/gcc/arm-none-eabi/10.3.1/../../../../arm-none-eabi/lib/thumb/v7e-m/nofp\libg.a(lib_a-__call_atexit.o)
 *(.init_array*)
 .init_array    0x0800ba28        0x4 c:/devembedded/tools/gcc-arm-none-eabi-10.3-2021.10-win32/gcc-arm-none-eabi-10.3-2021.10/bin/../lib/gcc/arm-none-eabi/10.3.1/thumb/v7e-m/nofp/crtbegin.o
                0x0800ba2c                PROVIDE (__init_array_end = .)
                0x0800ba2c                . = ALIGN (0x4)

.fini_array     0x0800ba2c        0x4
                0x0800ba2c                . = ALIGN (0x4)
                0x0800ba2c                PROVIDE (__fini_array_start = .)
 *(SORT_BY_NAME(.fini_array.*))
 *(.fini_array*)
 .fini_array    0x0800ba2c        0x4 c:/devembedded/tools/gcc-arm-none-eabi-10.3-2021.10-win32/gcc-arm-none-eabi-10.3-2021.10/bin/../lib/gcc/arm-none-eabi/10.3.1/thumb/v7e-m/nofp/crtbegin.o
                0x0800ba30                PROVIDE (__fini_array_end = .)
                0x0800ba30                . = ALIGN (0x4)
                0x0800ba30                _sidata = LOADADDR (.data)

.data           0x20000000      0x9c0 load address 0x0800ba30
                0x20000000                . = ALIGN (0x4)
                0x20000000                _sdata = .
 *(.data)
 *(.data*)
 .data.i.1      0x20000000        0x4 CMakeFiles/TestLCDi2c.elf.dir/Core/Src/lcd_i2cModule.c.obj
 .data.i2cDeviceAddr
                0x20000004        0x1 CMakeFiles/TestLCDi2c.elf.dir/Core/Src/lcd_i2cModule.c.obj
                0x20000004                i2cDeviceAddr
 .data.line_pos
                0x20000005        0x1 CMakeFiles/TestLCDi2c.elf.dir/Core/Src/lcd_i2cModule.c.obj
 *fill*         0x20000006        0x2 
 .data.SystemCoreClock
                0x20000008        0x4 CMakeFiles/TestLCDi2c.elf.dir/Core/Src/system_stm32f4xx.c.obj
                0x20000008                SystemCoreClock
 .data.uwTickFreq
                0x2000000c        0x1 CMakeFiles/TestLCDi2c.elf.dir/Drivers/STM32F4xx_HAL_Driver/Src/stm32f4xx_hal.c.obj
                0x2000000c                uwTickFreq
 *fill*         0x2000000d        0x3 
 .data.uwTickPrio
                0x20000010        0x4 CMakeFiles/TestLCDi2c.elf.dir/Drivers/STM32F4xx_HAL_Driver/Src/stm32f4xx_hal.c.obj
                0x20000010                uwTickPrio
 .data._impure_ptr
                0x20000014        0x4 c:/devembedded/tools/gcc-arm-none-eabi-10.3-2021.10-win32/gcc-arm-none-eabi-10.3-2021.10/bin/../lib/gcc/arm-none-eabi/10.3.1/../../../../arm-none-eabi/lib/thumb/v7e-m/nofp\libg.a(lib_a-impure.o)
                0x20000014                _impure_ptr
 .data.impure_data
                0x20000018      0x428 c:/devembedded/tools/gcc-arm-none-eabi-10.3-2021.10-win32/gcc-arm-none-eabi-10.3-2021.10/bin/../lib/gcc/arm-none-eabi/10.3.1/../../../../arm-none-eabi/lib/thumb/v7e-m/nofp\libg.a(lib_a-impure.o)
 .data.__atexit_recursive_mutex
                0x20000440        0x4 c:/devembedded/tools/gcc-arm-none-eabi-10.3-2021.10-win32/gcc-arm-none-eabi-10.3-2021.10/bin/../lib/gcc/arm-none-eabi/10.3.1/../../../../arm-none-eabi/lib/thumb/v7e-m/nofp\libg.a(lib_a-__call_atexit.o)
                0x20000440                __atexit_recursive_mutex
 .data.__malloc_av_
                0x20000444      0x408 c:/devembedded/tools/gcc-arm-none-eabi-10.3-2021.10-win32/gcc-arm-none-eabi-10.3-2021.10/bin/../lib/gcc/arm-none-eabi/10.3.1/../../../../arm-none-eabi/lib/thumb/v7e-m/nofp\libg.a(lib_a-mallocr.o)
                0x20000444                __malloc_av_
 .data.__malloc_sbrk_base
                0x2000084c        0x4 c:/devembedded/tools/gcc-arm-none-eabi-10.3-2021.10-win32/gcc-arm-none-eabi-10.3-2021.10/bin/../lib/gcc/arm-none-eabi/10.3.1/../../../../arm-none-eabi/lib/thumb/v7e-m/nofp\libg.a(lib_a-mallocr.o)
                0x2000084c                __malloc_sbrk_base
 .data.__malloc_trim_threshold
                0x20000850        0x4 c:/devembedded/tools/gcc-arm-none-eabi-10.3-2021.10-win32/gcc-arm-none-eabi-10.3-2021.10/bin/../lib/gcc/arm-none-eabi/10.3.1/../../../../arm-none-eabi/lib/thumb/v7e-m/nofp\libg.a(lib_a-mallocr.o)
                0x20000850                __malloc_trim_threshold
 .data.__global_locale
                0x20000854      0x16c c:/devembedded/tools/gcc-arm-none-eabi-10.3-2021.10-win32/gcc-arm-none-eabi-10.3-2021.10/bin/../lib/gcc/arm-none-eabi/10.3.1/../../../../arm-none-eabi/lib/thumb/v7e-m/nofp\libg.a(lib_a-locale.o)
                0x20000854                __global_locale
                0x200009c0                . = ALIGN (0x4)
                0x200009c0                _edata = .

.igot.plt       0x200009c0        0x0 load address 0x0800c3f0
 .igot.plt      0x200009c0        0x0 c:/devembedded/tools/gcc-arm-none-eabi-10.3-2021.10-win32/gcc-arm-none-eabi-10.3-2021.10/bin/../lib/gcc/arm-none-eabi/10.3.1/thumb/v7e-m/nofp/crtbegin.o
                0x200009c0                . = ALIGN (0x4)

.bss            0x200009c0      0x460 load address 0x0800c3f0
                0x200009c0                _sbss = .
                0x200009c0                __bss_start__ = _sbss
 *(.bss)
 .bss           0x200009c0       0x1c c:/devembedded/tools/gcc-arm-none-eabi-10.3-2021.10-win32/gcc-arm-none-eabi-10.3-2021.10/bin/../lib/gcc/arm-none-eabi/10.3.1/thumb/v7e-m/nofp/crtbegin.o
 *(.bss*)
 .bss.Presence  0x200009dc        0x1 CMakeFiles/TestLCDi2c.elf.dir/Core/Src/DHT.c.obj
                0x200009dc                Presence
 .bss.Rh_byte1  0x200009dd        0x1 CMakeFiles/TestLCDi2c.elf.dir/Core/Src/DHT.c.obj
                0x200009dd                Rh_byte1
 .bss.Rh_byte2  0x200009de        0x1 CMakeFiles/TestLCDi2c.elf.dir/Core/Src/DHT.c.obj
                0x200009de                Rh_byte2
 *fill*         0x200009df        0x1 
 .bss.SUM       0x200009e0        0x2 CMakeFiles/TestLCDi2c.elf.dir/Core/Src/DHT.c.obj
                0x200009e0                SUM
 .bss.Temp_byte1
                0x200009e2        0x1 CMakeFiles/TestLCDi2c.elf.dir/Core/Src/DHT.c.obj
                0x200009e2                Temp_byte1
 .bss.Temp_byte2
                0x200009e3        0x1 CMakeFiles/TestLCDi2c.elf.dir/Core/Src/DHT.c.obj
                0x200009e3                Temp_byte2
 .bss.HTIMx     0x200009e4       0x40 CMakeFiles/TestLCDi2c.elf.dir/Core/Src/Timer_Delay.c.obj
 .bss.gu32_ticks
                0x20000a24        0x4 CMakeFiles/TestLCDi2c.elf.dir/Core/Src/Timer_Delay.c.obj
 .bss.DHT22     0x20000a28        0x8 CMakeFiles/TestLCDi2c.elf.dir/Core/Src/bsp.c.obj
                0x20000a28                DHT22
 .bss.hadc1     0x20000a30       0x48 CMakeFiles/TestLCDi2c.elf.dir/Core/Src/bsp.c.obj
                0x20000a30                hadc1
 .bss.hdma_adc1
                0x20000a78       0x60 CMakeFiles/TestLCDi2c.elf.dir/Core/Src/bsp.c.obj
                0x20000a78                hdma_adc1
 .bss.hi2c1     0x20000ad8       0x54 CMakeFiles/TestLCDi2c.elf.dir/Core/Src/bsp.c.obj
                0x20000ad8                hi2c1
 .bss.hrtc      0x20000b2c       0x20 CMakeFiles/TestLCDi2c.elf.dir/Core/Src/bsp.c.obj
                0x20000b2c                hrtc
 .bss.htim2     0x20000b4c       0x40 CMakeFiles/TestLCDi2c.elf.dir/Core/Src/bsp.c.obj
                0x20000b4c                htim2
 .bss.htim3     0x20000b8c       0x40 CMakeFiles/TestLCDi2c.elf.dir/Core/Src/bsp.c.obj
                0x20000b8c                htim3
 .bss.value_adc
                0x20000bcc        0xc CMakeFiles/TestLCDi2c.elf.dir/Core/Src/bsp.c.obj
                0x20000bcc                value_adc
 .bss.buffer.3  0x20000bd8      0x190 CMakeFiles/TestLCDi2c.elf.dir/Core/Src/lcd_i2cModule.c.obj
 .bss.c.0       0x20000d68        0x4 CMakeFiles/TestLCDi2c.elf.dir/Core/Src/lcd_i2cModule.c.obj
 .bss.ch_len.2  0x20000d6c        0x1 CMakeFiles/TestLCDi2c.elf.dir/Core/Src/lcd_i2cModule.c.obj
 *fill*         0x20000d6d        0x3 
 .bss.data      0x20000d70        0x4 CMakeFiles/TestLCDi2c.elf.dir/Core/Src/lcd_i2cModule.c.obj
 .bss.data_BL   0x20000d74        0x1 CMakeFiles/TestLCDi2c.elf.dir/Core/Src/lcd_i2cModule.c.obj
 .bss.data_L    0x20000d75        0x1 CMakeFiles/TestLCDi2c.elf.dir/Core/Src/lcd_i2cModule.c.obj
 .bss.data_M    0x20000d76        0x1 CMakeFiles/TestLCDi2c.elf.dir/Core/Src/lcd_i2cModule.c.obj
 *fill*         0x20000d77        0x1 
 .bss.hi2cx     0x20000d78       0x54 CMakeFiles/TestLCDi2c.elf.dir/Core/Src/lcd_i2cModule.c.obj
                0x20000d78                hi2cx
 .bss.str_len   0x20000dcc        0x1 CMakeFiles/TestLCDi2c.elf.dir/Core/Src/lcd_i2cModule.c.obj
 *fill*         0x20000dcd        0x3 
 .bss.__sbrk_heap_end
                0x20000dd0        0x4 CMakeFiles/TestLCDi2c.elf.dir/Core/Src/sysmem.c.obj
 .bss.uwTick    0x20000dd4        0x4 CMakeFiles/TestLCDi2c.elf.dir/Drivers/STM32F4xx_HAL_Driver/Src/stm32f4xx_hal.c.obj
                0x20000dd4                uwTick
 .bss.__lock___atexit_recursive_mutex
                0x20000dd8        0x1 c:/devembedded/tools/gcc-arm-none-eabi-10.3-2021.10-win32/gcc-arm-none-eabi-10.3-2021.10/bin/../lib/gcc/arm-none-eabi/10.3.1/../../../../arm-none-eabi/lib/thumb/v7e-m/nofp\libg.a(lib_a-lock.o)
                0x20000dd8                __lock___atexit_recursive_mutex
 *fill*         0x20000dd9        0x3 
 .bss.__lock___malloc_recursive_mutex
                0x20000ddc        0x1 c:/devembedded/tools/gcc-arm-none-eabi-10.3-2021.10-win32/gcc-arm-none-eabi-10.3-2021.10/bin/../lib/gcc/arm-none-eabi/10.3.1/../../../../arm-none-eabi/lib/thumb/v7e-m/nofp\libg.a(lib_a-lock.o)
                0x20000ddc                __lock___malloc_recursive_mutex
 *fill*         0x20000ddd        0x3 
 .bss.__lock___sfp_recursive_mutex
                0x20000de0        0x1 c:/devembedded/tools/gcc-arm-none-eabi-10.3-2021.10-win32/gcc-arm-none-eabi-10.3-2021.10/bin/../lib/gcc/arm-none-eabi/10.3.1/../../../../arm-none-eabi/lib/thumb/v7e-m/nofp\libg.a(lib_a-lock.o)
                0x20000de0                __lock___sfp_recursive_mutex
 *fill*         0x20000de1        0x3 
 .bss.__lock___sinit_recursive_mutex
                0x20000de4        0x1 c:/devembedded/tools/gcc-arm-none-eabi-10.3-2021.10-win32/gcc-arm-none-eabi-10.3-2021.10/bin/../lib/gcc/arm-none-eabi/10.3.1/../../../../arm-none-eabi/lib/thumb/v7e-m/nofp\libg.a(lib_a-lock.o)
                0x20000de4                __lock___sinit_recursive_mutex
 *fill*         0x20000de5        0x3 
 .bss.__malloc_current_mallinfo
                0x20000de8       0x28 c:/devembedded/tools/gcc-arm-none-eabi-10.3-2021.10-win32/gcc-arm-none-eabi-10.3-2021.10/bin/../lib/gcc/arm-none-eabi/10.3.1/../../../../arm-none-eabi/lib/thumb/v7e-m/nofp\libg.a(lib_a-mallocr.o)
                0x20000de8                __malloc_current_mallinfo
 .bss.__malloc_max_sbrked_mem
                0x20000e10        0x4 c:/devembedded/tools/gcc-arm-none-eabi-10.3-2021.10-win32/gcc-arm-none-eabi-10.3-2021.10/bin/../lib/gcc/arm-none-eabi/10.3.1/../../../../arm-none-eabi/lib/thumb/v7e-m/nofp\libg.a(lib_a-mallocr.o)
                0x20000e10                __malloc_max_sbrked_mem
 .bss.__malloc_max_total_mem
                0x20000e14        0x4 c:/devembedded/tools/gcc-arm-none-eabi-10.3-2021.10-win32/gcc-arm-none-eabi-10.3-2021.10/bin/../lib/gcc/arm-none-eabi/10.3.1/../../../../arm-none-eabi/lib/thumb/v7e-m/nofp\libg.a(lib_a-mallocr.o)
                0x20000e14                __malloc_max_total_mem
 .bss.__malloc_top_pad
                0x20000e18        0x4 c:/devembedded/tools/gcc-arm-none-eabi-10.3-2021.10-win32/gcc-arm-none-eabi-10.3-2021.10/bin/../lib/gcc/arm-none-eabi/10.3.1/../../../../arm-none-eabi/lib/thumb/v7e-m/nofp\libg.a(lib_a-mallocr.o)
                0x20000e18                __malloc_top_pad
 .bss.errno     0x20000e1c        0x4 c:/devembedded/tools/gcc-arm-none-eabi-10.3-2021.10-win32/gcc-arm-none-eabi-10.3-2021.10/bin/../lib/gcc/arm-none-eabi/10.3.1/../../../../arm-none-eabi/lib/thumb/v7e-m/nofp\libg.a(lib_a-reent.o)
                0x20000e1c                errno
 *(COMMON)
                0x20000e20                . = ALIGN (0x4)
                0x20000e20                _ebss = .
                0x20000e20                __bss_end__ = _ebss

._user_heap_stack
                0x20000e20      0x600 load address 0x0800c3f0
                0x20000e20                . = ALIGN (0x8)
                [!provide]                PROVIDE (end = .)
                0x20000e20                PROVIDE (_end = .)
                0x20001020                . = (. + _Min_Heap_Size)
 *fill*         0x20000e20      0x200 
                0x20001420                . = (. + _Min_Stack_Size)
 *fill*         0x20001020      0x400 
                0x20001420                . = ALIGN (0x8)

/DISCARD/
 libc.a(*)
 libm.a(*)
 libgcc.a(*)

.ARM.attributes
                0x00000000       0x2a
 *(.ARM.attributes)
 .ARM.attributes
                0x00000000       0x1e c:/devembedded/tools/gcc-arm-none-eabi-10.3-2021.10-win32/gcc-arm-none-eabi-10.3-2021.10/bin/../lib/gcc/arm-none-eabi/10.3.1/thumb/v7e-m/nofp/crti.o
 .ARM.attributes
                0x0000001e       0x2e c:/devembedded/tools/gcc-arm-none-eabi-10.3-2021.10-win32/gcc-arm-none-eabi-10.3-2021.10/bin/../lib/gcc/arm-none-eabi/10.3.1/thumb/v7e-m/nofp/crtbegin.o
 .ARM.attributes
                0x0000004c       0x2e CMakeFiles/TestLCDi2c.elf.dir/Core/Src/DHT.c.obj
 .ARM.attributes
                0x0000007a       0x2e CMakeFiles/TestLCDi2c.elf.dir/Core/Src/Timer_Delay.c.obj
 .ARM.attributes
                0x000000a8       0x2e CMakeFiles/TestLCDi2c.elf.dir/Core/Src/bsp.c.obj
 .ARM.attributes
                0x000000d6       0x2e CMakeFiles/TestLCDi2c.elf.dir/Core/Src/keypad.c.obj
 .ARM.attributes
                0x00000104       0x2e CMakeFiles/TestLCDi2c.elf.dir/Core/Src/lcd_i2cModule.c.obj
 .ARM.attributes
                0x00000132       0x2e CMakeFiles/TestLCDi2c.elf.dir/Core/Src/main.c.obj
 .ARM.attributes
                0x00000160       0x2e CMakeFiles/TestLCDi2c.elf.dir/Core/Src/stm32f4xx_hal_msp.c.obj
 .ARM.attributes
                0x0000018e       0x2e CMakeFiles/TestLCDi2c.elf.dir/Core/Src/stm32f4xx_it.c.obj
 .ARM.attributes
                0x000001bc       0x2e CMakeFiles/TestLCDi2c.elf.dir/Core/Src/syscalls.c.obj
 .ARM.attributes
                0x000001ea       0x2e CMakeFiles/TestLCDi2c.elf.dir/Core/Src/sysmem.c.obj
 .ARM.attributes
                0x00000218       0x2e CMakeFiles/TestLCDi2c.elf.dir/Core/Src/system_stm32f4xx.c.obj
 .ARM.attributes
                0x00000246       0x21 CMakeFiles/TestLCDi2c.elf.dir/Core/Startup/startup_stm32f411vetx.s.obj
 .ARM.attributes
                0x00000267       0x2e CMakeFiles/TestLCDi2c.elf.dir/Drivers/STM32F4xx_HAL_Driver/Src/stm32f4xx_hal.c.obj
 .ARM.attributes
                0x00000295       0x2e CMakeFiles/TestLCDi2c.elf.dir/Drivers/STM32F4xx_HAL_Driver/Src/stm32f4xx_hal_adc.c.obj
 .ARM.attributes
                0x000002c3       0x2e CMakeFiles/TestLCDi2c.elf.dir/Drivers/STM32F4xx_HAL_Driver/Src/stm32f4xx_hal_adc_ex.c.obj
 .ARM.attributes
                0x000002f1       0x2e CMakeFiles/TestLCDi2c.elf.dir/Drivers/STM32F4xx_HAL_Driver/Src/stm32f4xx_hal_cortex.c.obj
 .ARM.attributes
                0x0000031f       0x2e CMakeFiles/TestLCDi2c.elf.dir/Drivers/STM32F4xx_HAL_Driver/Src/stm32f4xx_hal_dma.c.obj
 .ARM.attributes
                0x0000034d       0x2e CMakeFiles/TestLCDi2c.elf.dir/Drivers/STM32F4xx_HAL_Driver/Src/stm32f4xx_hal_gpio.c.obj
 .ARM.attributes
                0x0000037b       0x2e CMakeFiles/TestLCDi2c.elf.dir/Drivers/STM32F4xx_HAL_Driver/Src/stm32f4xx_hal_i2c.c.obj
 .ARM.attributes
                0x000003a9       0x2e CMakeFiles/TestLCDi2c.elf.dir/Drivers/STM32F4xx_HAL_Driver/Src/stm32f4xx_hal_rcc.c.obj
 .ARM.attributes
                0x000003d7       0x2e CMakeFiles/TestLCDi2c.elf.dir/Drivers/STM32F4xx_HAL_Driver/Src/stm32f4xx_hal_rcc_ex.c.obj
 .ARM.attributes
                0x00000405       0x2e CMakeFiles/TestLCDi2c.elf.dir/Drivers/STM32F4xx_HAL_Driver/Src/stm32f4xx_hal_rtc.c.obj
 .ARM.attributes
                0x00000433       0x2e CMakeFiles/TestLCDi2c.elf.dir/Drivers/STM32F4xx_HAL_Driver/Src/stm32f4xx_hal_rtc_ex.c.obj
 .ARM.attributes
                0x00000461       0x2e CMakeFiles/TestLCDi2c.elf.dir/Drivers/STM32F4xx_HAL_Driver/Src/stm32f4xx_hal_tim.c.obj
 .ARM.attributes
                0x0000048f       0x2e CMakeFiles/TestLCDi2c.elf.dir/Drivers/STM32F4xx_HAL_Driver/Src/stm32f4xx_hal_tim_ex.c.obj
 .ARM.attributes
                0x000004bd       0x1e c:/devembedded/tools/gcc-arm-none-eabi-10.3-2021.10-win32/gcc-arm-none-eabi-10.3-2021.10/bin/../lib/gcc/arm-none-eabi/10.3.1/thumb/v7e-m/nofp\libgcc.a(_arm_addsubdf3.o)
 .ARM.attributes
                0x000004db       0x1e c:/devembedded/tools/gcc-arm-none-eabi-10.3-2021.10-win32/gcc-arm-none-eabi-10.3-2021.10/bin/../lib/gcc/arm-none-eabi/10.3.1/thumb/v7e-m/nofp\libgcc.a(_arm_muldivdf3.o)
 .ARM.attributes
                0x000004f9       0x1e c:/devembedded/tools/gcc-arm-none-eabi-10.3-2021.10-win32/gcc-arm-none-eabi-10.3-2021.10/bin/../lib/gcc/arm-none-eabi/10.3.1/thumb/v7e-m/nofp\libgcc.a(_arm_truncdfsf2.o)
 .ARM.attributes
                0x00000517       0x1e c:/devembedded/tools/gcc-arm-none-eabi-10.3-2021.10-win32/gcc-arm-none-eabi-10.3-2021.10/bin/../lib/gcc/arm-none-eabi/10.3.1/thumb/v7e-m/nofp\libgcc.a(_arm_addsubsf3.o)
 .ARM.attributes
                0x00000535       0x1e c:/devembedded/tools/gcc-arm-none-eabi-10.3-2021.10-win32/gcc-arm-none-eabi-10.3-2021.10/bin/../lib/gcc/arm-none-eabi/10.3.1/thumb/v7e-m/nofp\libgcc.a(_arm_cmpsf2.o)
 .ARM.attributes
                0x00000553       0x1e c:/devembedded/tools/gcc-arm-none-eabi-10.3-2021.10-win32/gcc-arm-none-eabi-10.3-2021.10/bin/../lib/gcc/arm-none-eabi/10.3.1/thumb/v7e-m/nofp\libgcc.a(_aeabi_uldivmod.o)
 .ARM.attributes
                0x00000571       0x2e c:/devembedded/tools/gcc-arm-none-eabi-10.3-2021.10-win32/gcc-arm-none-eabi-10.3-2021.10/bin/../lib/gcc/arm-none-eabi/10.3.1/thumb/v7e-m/nofp\libgcc.a(_udivmoddi4.o)
 .ARM.attributes
                0x0000059f       0x1e c:/devembedded/tools/gcc-arm-none-eabi-10.3-2021.10-win32/gcc-arm-none-eabi-10.3-2021.10/bin/../lib/gcc/arm-none-eabi/10.3.1/thumb/v7e-m/nofp\libgcc.a(_dvmd_tls.o)
 .ARM.attributes
                0x000005bd       0x2e c:/devembedded/tools/gcc-arm-none-eabi-10.3-2021.10-win32/gcc-arm-none-eabi-10.3-2021.10/bin/../lib/gcc/arm-none-eabi/10.3.1/../../../../arm-none-eabi/lib/thumb/v7e-m/nofp\libg.a(lib_a-errno.o)
 .ARM.attributes
                0x000005eb       0x2e c:/devembedded/tools/gcc-arm-none-eabi-10.3-2021.10-win32/gcc-arm-none-eabi-10.3-2021.10/bin/../lib/gcc/arm-none-eabi/10.3.1/../../../../arm-none-eabi/lib/thumb/v7e-m/nofp\libg.a(lib_a-impure.o)
 .ARM.attributes
                0x00000619       0x2e c:/devembedded/tools/gcc-arm-none-eabi-10.3-2021.10-win32/gcc-arm-none-eabi-10.3-2021.10/bin/../lib/gcc/arm-none-eabi/10.3.1/../../../../arm-none-eabi/lib/thumb/v7e-m/nofp\libg.a(lib_a-init.o)
 .ARM.attributes
                0x00000647       0x1c c:/devembedded/tools/gcc-arm-none-eabi-10.3-2021.10-win32/gcc-arm-none-eabi-10.3-2021.10/bin/../lib/gcc/arm-none-eabi/10.3.1/../../../../arm-none-eabi/lib/thumb/v7e-m/nofp\libg.a(lib_a-memcpy.o)
 .ARM.attributes
                0x00000663       0x2e c:/devembedded/tools/gcc-arm-none-eabi-10.3-2021.10-win32/gcc-arm-none-eabi-10.3-2021.10/bin/../lib/gcc/arm-none-eabi/10.3.1/../../../../arm-none-eabi/lib/thumb/v7e-m/nofp\libg.a(lib_a-memset.o)
 .ARM.attributes
                0x00000691       0x2e c:/devembedded/tools/gcc-arm-none-eabi-10.3-2021.10-win32/gcc-arm-none-eabi-10.3-2021.10/bin/../lib/gcc/arm-none-eabi/10.3.1/../../../../arm-none-eabi/lib/thumb/v7e-m/nofp\libg.a(lib_a-sprintf.o)
 .ARM.attributes